C:/Users/Windows 10/Documents/GitHub/Kyros/str-miros-stm32f103-master/Drivers/CMSIS/Include/core_cm3.h:1633:22:__NVIC_SetPriority	16	static
C:/Users/Windows 10/Documents/GitHub/Kyros/str-miros-stm32f103-master/Drivers/CMSIS/Include/core_cm3.h:1757:34:__NVIC_SystemReset	4	static,ignoring_inline_asm
C:/Users/Windows 10/Documents/GitHub/Kyros/str-miros-stm32f103-master/Drivers/CMSIS/Include/core_cm3.h:1830:26:SysTick_Config	16	static
../Src/stm32f1xx_it.c:70:6:NMI_Handler	4	static
../Src/stm32f1xx_it.c:85:6:HardFault_Handler	4	static
../Src/stm32f1xx_it.c:100:6:MemManage_Handler	4	static
../Src/stm32f1xx_it.c:115:6:BusFault_Handler	4	static
../Src/stm32f1xx_it.c:130:6:UsageFault_Handler	4	static
../Src/stm32f1xx_it.c:145:6:SVC_Handler	4	static
../Src/stm32f1xx_it.c:158:6:DebugMon_Handler	4	static
../Src/stm32f1xx_it.c:171:6:PendSV_Handler_STM	4	static
../Src/stm32f1xx_it.c:184:6:SysTick_Handler	8	static,ignoring_inline_asm
../Src/stm32f1xx_it.c:198:6:OS_onStartup	8	static
../Src/stm32f1xx_it.c:206:6:OS_onIdle	4	static
../Src/stm32f1xx_it.c:212:6:Q_onAssert	16	static
../Src/stm32f1xx_it.c:219:6:EXTI0_IRQHandler	8	static
