../Src/VL53L0X.c:33:6:VL53L0X_setAddress	16	static
../Src/VL53L0X.c:47:6:VL53L0X_init	32	static
../Src/VL53L0X.c:269:6:VL53L0X_writeReg	24	static
../Src/VL53L0X.c:278:6:VL53L0X_writeReg16Bit	24	static
../Src/VL53L0X.c:288:6:VL53L0X_writeReg32Bit	32	static
../Src/VL53L0X.c:300:9:VL53L0X_readReg	24	static
../Src/VL53L0X.c:309:10:VL53L0X_readReg16Bit	24	static
../Src/VL53L0X.c:321:10:VL53L0X_readReg32Bit	24	static
../Src/VL53L0X.c:336:6:VL53L0X_writeMulti	24	static
../Src/VL53L0X.c:344:6:VL53L0X_readMulti	24	static
../Src/VL53L0X.c:358:6:VL53L0X_setSignalRateLimit	16	static
../Src/VL53L0X.c:366:10:VL53L0X_getSignalRateLimit	16	static
../Src/VL53L0X.c:378:6:VL53L0X_setMeasurementTimingBudget	80	static
../Src/VL53L0X.c:464:10:VL53L0X_getMeasurementTimingBudget	64	static
../Src/VL53L0X.c:518:6:VL53L0X_setVcselPulsePeriod	56	static
../Src/VL53L0X.c:689:9:VL53L0X_getVcselPulsePeriod	16	static
../Src/VL53L0X.c:708:6:VL53L0X_startContinuous	24	static
../Src/VL53L0X.c:746:6:VL53L0X_stopContinuous	16	static
../Src/VL53L0X.c:760:10:VL53L0X_readRangeContinuousMillimeters	24	static
../Src/VL53L0X.c:784:10:VL53L0X_readRangeSingleMillimeters	16	static
../Src/VL53L0X.c:812:6:VL53L0X_timeoutOccurred	24	static
../Src/VL53L0X.c:822:6:VL53L0X_getSpadInfo	32	static
../Src/VL53L0X.c:864:6:VL53L0X_getSequenceStepEnables	24	static
../Src/VL53L0X.c:879:6:VL53L0X_getSequenceStepTimeouts	24	static
../Src/VL53L0X.c:905:10:VL53L0X_decodeTimeout	16	static
../Src/VL53L0X.c:916:10:VL53L0X_encodeTimeout	24	static
../Src/VL53L0X.c:940:10:VL53L0X_timeoutMclksToMicroseconds	24	static
../Src/VL53L0X.c:949:10:VL53L0X_timeoutMicrosecondsToMclks	24	static
../Src/VL53L0X.c:958:6:VL53L0X_performSingleRefCalibration	16	static
../Src/VL53L0X.c:976:6:VL53L0X_startTimeout	16	static
../Src/VL53L0X.c:980:6:VL53L0X_checkTimeoutExpired	16	static
