../Drivers/STM32F1xx_HAL_Driver/Src/stm32f1xx_hal_timebase_tim_template.c:56:19:HAL_InitTick	64	static
../Drivers/STM32F1xx_HAL_Driver/Src/stm32f1xx_hal_timebase_tim_template.c:133:6:HAL_SuspendTick	4	static
../Drivers/STM32F1xx_HAL_Driver/Src/stm32f1xx_hal_timebase_tim_template.c:144:6:HAL_ResumeTick	4	static
../Drivers/STM32F1xx_HAL_Driver/Src/stm32f1xx_hal_timebase_tim_template.c:158:6:HAL_TIM_PeriodElapsedCallback	16	static
../Drivers/STM32F1xx_HAL_Driver/Src/stm32f1xx_hal_timebase_tim_template.c:167:6:TIM2_IRQHandler	8	static
