C:/Users/Windows 10/Documents/GitHub/Kyros/str-miros-stm32f103-master/Drivers/CMSIS/Include/core_cm3.h:1472:22:__NVIC_SetPriorityGrouping	24	static
C:/Users/Windows 10/Documents/GitHub/Kyros/str-miros-stm32f103-master/Drivers/CMSIS/Include/core_cm3.h:1491:26:__NVIC_GetPriorityGrouping	4	static
C:/Users/Windows 10/Documents/GitHub/Kyros/str-miros-stm32f103-master/Drivers/CMSIS/Include/core_cm3.h:1503:22:__NVIC_EnableIRQ	16	static,ignoring_inline_asm
C:/Users/Windows 10/Documents/GitHub/Kyros/str-miros-stm32f103-master/Drivers/CMSIS/Include/core_cm3.h:1541:22:__NVIC_DisableIRQ	16	static,ignoring_inline_asm
C:/Users/Windows 10/Documents/GitHub/Kyros/str-miros-stm32f103-master/Drivers/CMSIS/Include/core_cm3.h:1560:26:__NVIC_GetPendingIRQ	16	static
C:/Users/Windows 10/Documents/GitHub/Kyros/str-miros-stm32f103-master/Drivers/CMSIS/Include/core_cm3.h:1579:22:__NVIC_SetPendingIRQ	16	static
C:/Users/Windows 10/Documents/GitHub/Kyros/str-miros-stm32f103-master/Drivers/CMSIS/Include/core_cm3.h:1594:22:__NVIC_ClearPendingIRQ	16	static
C:/Users/Windows 10/Documents/GitHub/Kyros/str-miros-stm32f103-master/Drivers/CMSIS/Include/core_cm3.h:1611:26:__NVIC_GetActive	16	static
C:/Users/Windows 10/Documents/GitHub/Kyros/str-miros-stm32f103-master/Drivers/CMSIS/Include/core_cm3.h:1633:22:__NVIC_SetPriority	16	static
C:/Users/Windows 10/Documents/GitHub/Kyros/str-miros-stm32f103-master/Drivers/CMSIS/Include/core_cm3.h:1655:26:__NVIC_GetPriority	16	static
C:/Users/Windows 10/Documents/GitHub/Kyros/str-miros-stm32f103-master/Drivers/CMSIS/Include/core_cm3.h:1680:26:NVIC_EncodePriority	40	static
C:/Users/Windows 10/Documents/GitHub/Kyros/str-miros-stm32f103-master/Drivers/CMSIS/Include/core_cm3.h:1707:22:NVIC_DecodePriority	40	static
C:/Users/Windows 10/Documents/GitHub/Kyros/str-miros-stm32f103-master/Drivers/CMSIS/Include/core_cm3.h:1757:34:__NVIC_SystemReset	4	static,ignoring_inline_asm
C:/Users/Windows 10/Documents/GitHub/Kyros/str-miros-stm32f103-master/Drivers/CMSIS/Include/core_cm3.h:1830:26:SysTick_Config	16	static
../Drivers/STM32F1xx_HAL_Driver/Src/stm32f1xx_hal_cortex.c:142:6:HAL_NVIC_SetPriorityGrouping	16	static
../Drivers/STM32F1xx_HAL_Driver/Src/stm32f1xx_hal_cortex.c:164:6:HAL_NVIC_SetPriority	32	static
../Drivers/STM32F1xx_HAL_Driver/Src/stm32f1xx_hal_cortex.c:186:6:HAL_NVIC_EnableIRQ	16	static
../Drivers/STM32F1xx_HAL_Driver/Src/stm32f1xx_hal_cortex.c:202:6:HAL_NVIC_DisableIRQ	16	static
../Drivers/STM32F1xx_HAL_Driver/Src/stm32f1xx_hal_cortex.c:215:6:HAL_NVIC_SystemReset	8	static
../Drivers/STM32F1xx_HAL_Driver/Src/stm32f1xx_hal_cortex.c:228:10:HAL_SYSTICK_Config	16	static
../Drivers/STM32F1xx_HAL_Driver/Src/stm32f1xx_hal_cortex.c:343:10:HAL_NVIC_GetPriorityGrouping	8	static
../Drivers/STM32F1xx_HAL_Driver/Src/stm32f1xx_hal_cortex.c:370:6:HAL_NVIC_GetPriority	24	static
../Drivers/STM32F1xx_HAL_Driver/Src/stm32f1xx_hal_cortex.c:385:6:HAL_NVIC_SetPendingIRQ	16	static
../Drivers/STM32F1xx_HAL_Driver/Src/stm32f1xx_hal_cortex.c:403:10:HAL_NVIC_GetPendingIRQ	16	static
../Drivers/STM32F1xx_HAL_Driver/Src/stm32f1xx_hal_cortex.c:419:6:HAL_NVIC_ClearPendingIRQ	16	static
../Drivers/STM32F1xx_HAL_Driver/Src/stm32f1xx_hal_cortex.c:436:10:HAL_NVIC_GetActive	16	static
../Drivers/STM32F1xx_HAL_Driver/Src/stm32f1xx_hal_cortex.c:453:6:HAL_SYSTICK_CLKSourceConfig	16	static
../Drivers/STM32F1xx_HAL_Driver/Src/stm32f1xx_hal_cortex.c:471:6:HAL_SYSTICK_IRQHandler	8	static
../Drivers/STM32F1xx_HAL_Driver/Src/stm32f1xx_hal_cortex.c:480:13:HAL_SYSTICK_Callback	4	static
