Archive member included to satisfy reference by file (symbol)

C:/ST/STM32CubeIDE_1.14.0/STM32CubeIDE/plugins/com.st.stm32cube.ide.mcu.externaltools.gnu-tools-for-stm32.11.3.rel1.win32_1.1.100.202309141235/tools/bin/../lib/gcc/arm-none-eabi/11.3.1/../../../../arm-none-eabi/lib/thumb/v7-m/nofp\libc_nano.a(libc_a-exit.o)
                              C:/ST/STM32CubeIDE_1.14.0/STM32CubeIDE/plugins/com.st.stm32cube.ide.mcu.externaltools.gnu-tools-for-stm32.11.3.rel1.win32_1.1.100.202309141235/tools/bin/../lib/gcc/arm-none-eabi/11.3.1/../../../../arm-none-eabi/lib/thumb/v7-m/nofp/crt0.o (exit)
C:/ST/STM32CubeIDE_1.14.0/STM32CubeIDE/plugins/com.st.stm32cube.ide.mcu.externaltools.gnu-tools-for-stm32.11.3.rel1.win32_1.1.100.202309141235/tools/bin/../lib/gcc/arm-none-eabi/11.3.1/../../../../arm-none-eabi/lib/thumb/v7-m/nofp\libc_nano.a(libc_a-findfp.o)
                              C:/ST/STM32CubeIDE_1.14.0/STM32CubeIDE/plugins/com.st.stm32cube.ide.mcu.externaltools.gnu-tools-for-stm32.11.3.rel1.win32_1.1.100.202309141235/tools/bin/../lib/gcc/arm-none-eabi/11.3.1/../../../../arm-none-eabi/lib/thumb/v7-m/nofp\libc_nano.a(libc_a-exit.o) (__stdio_exit_handler)
C:/ST/STM32CubeIDE_1.14.0/STM32CubeIDE/plugins/com.st.stm32cube.ide.mcu.externaltools.gnu-tools-for-stm32.11.3.rel1.win32_1.1.100.202309141235/tools/bin/../lib/gcc/arm-none-eabi/11.3.1/../../../../arm-none-eabi/lib/thumb/v7-m/nofp\libc_nano.a(libc_a-fwalk.o)
                              C:/ST/STM32CubeIDE_1.14.0/STM32CubeIDE/plugins/com.st.stm32cube.ide.mcu.externaltools.gnu-tools-for-stm32.11.3.rel1.win32_1.1.100.202309141235/tools/bin/../lib/gcc/arm-none-eabi/11.3.1/../../../../arm-none-eabi/lib/thumb/v7-m/nofp\libc_nano.a(libc_a-findfp.o) (_fwalk_sglue)
C:/ST/STM32CubeIDE_1.14.0/STM32CubeIDE/plugins/com.st.stm32cube.ide.mcu.externaltools.gnu-tools-for-stm32.11.3.rel1.win32_1.1.100.202309141235/tools/bin/../lib/gcc/arm-none-eabi/11.3.1/../../../../arm-none-eabi/lib/thumb/v7-m/nofp\libc_nano.a(libc_a-stdio.o)
                              C:/ST/STM32CubeIDE_1.14.0/STM32CubeIDE/plugins/com.st.stm32cube.ide.mcu.externaltools.gnu-tools-for-stm32.11.3.rel1.win32_1.1.100.202309141235/tools/bin/../lib/gcc/arm-none-eabi/11.3.1/../../../../arm-none-eabi/lib/thumb/v7-m/nofp\libc_nano.a(libc_a-findfp.o) (__sread)
C:/ST/STM32CubeIDE_1.14.0/STM32CubeIDE/plugins/com.st.stm32cube.ide.mcu.externaltools.gnu-tools-for-stm32.11.3.rel1.win32_1.1.100.202309141235/tools/bin/../lib/gcc/arm-none-eabi/11.3.1/../../../../arm-none-eabi/lib/thumb/v7-m/nofp\libc_nano.a(libc_a-memset.o)
                              C:/ST/STM32CubeIDE_1.14.0/STM32CubeIDE/plugins/com.st.stm32cube.ide.mcu.externaltools.gnu-tools-for-stm32.11.3.rel1.win32_1.1.100.202309141235/tools/bin/../lib/gcc/arm-none-eabi/11.3.1/../../../../arm-none-eabi/lib/thumb/v7-m/nofp/crt0.o (memset)
C:/ST/STM32CubeIDE_1.14.0/STM32CubeIDE/plugins/com.st.stm32cube.ide.mcu.externaltools.gnu-tools-for-stm32.11.3.rel1.win32_1.1.100.202309141235/tools/bin/../lib/gcc/arm-none-eabi/11.3.1/../../../../arm-none-eabi/lib/thumb/v7-m/nofp\libc_nano.a(libc_a-closer.o)
                              C:/ST/STM32CubeIDE_1.14.0/STM32CubeIDE/plugins/com.st.stm32cube.ide.mcu.externaltools.gnu-tools-for-stm32.11.3.rel1.win32_1.1.100.202309141235/tools/bin/../lib/gcc/arm-none-eabi/11.3.1/../../../../arm-none-eabi/lib/thumb/v7-m/nofp\libc_nano.a(libc_a-stdio.o) (_close_r)
C:/ST/STM32CubeIDE_1.14.0/STM32CubeIDE/plugins/com.st.stm32cube.ide.mcu.externaltools.gnu-tools-for-stm32.11.3.rel1.win32_1.1.100.202309141235/tools/bin/../lib/gcc/arm-none-eabi/11.3.1/../../../../arm-none-eabi/lib/thumb/v7-m/nofp\libc_nano.a(libc_a-reent.o)
                              C:/ST/STM32CubeIDE_1.14.0/STM32CubeIDE/plugins/com.st.stm32cube.ide.mcu.externaltools.gnu-tools-for-stm32.11.3.rel1.win32_1.1.100.202309141235/tools/bin/../lib/gcc/arm-none-eabi/11.3.1/../../../../arm-none-eabi/lib/thumb/v7-m/nofp\libc_nano.a(libc_a-closer.o) (errno)
C:/ST/STM32CubeIDE_1.14.0/STM32CubeIDE/plugins/com.st.stm32cube.ide.mcu.externaltools.gnu-tools-for-stm32.11.3.rel1.win32_1.1.100.202309141235/tools/bin/../lib/gcc/arm-none-eabi/11.3.1/../../../../arm-none-eabi/lib/thumb/v7-m/nofp\libc_nano.a(libc_a-impure.o)
                              C:/ST/STM32CubeIDE_1.14.0/STM32CubeIDE/plugins/com.st.stm32cube.ide.mcu.externaltools.gnu-tools-for-stm32.11.3.rel1.win32_1.1.100.202309141235/tools/bin/../lib/gcc/arm-none-eabi/11.3.1/../../../../arm-none-eabi/lib/thumb/v7-m/nofp\libc_nano.a(libc_a-reent.o) (_impure_ptr)
C:/ST/STM32CubeIDE_1.14.0/STM32CubeIDE/plugins/com.st.stm32cube.ide.mcu.externaltools.gnu-tools-for-stm32.11.3.rel1.win32_1.1.100.202309141235/tools/bin/../lib/gcc/arm-none-eabi/11.3.1/../../../../arm-none-eabi/lib/thumb/v7-m/nofp\libc_nano.a(libc_a-lseekr.o)
[...]
Memory Configuration

Name             Origin             Length             Attributes
RAM              0x0000000020000000 0x0000000000005000 xrw
FLASH            0x0000000008000000 0x0000000000010000 xr
*default*        0x0000000000000000 0xffffffffffffffff

Linker script and memory map

LOAD C:/ST/STM32CubeIDE_1.14.0/STM32CubeIDE/plugins/com.st.stm32cube.ide.mcu.externaltools.gnu-tools-for-stm32.11.3.rel1.win32_1.1.100.202309141235/tools/bin/../lib/gcc/arm-none-eabi/11.3.1/thumb/v7-m/nofp/crti.o
LOAD C:/ST/STM32CubeIDE_1.14.0/STM32CubeIDE/plugins/com.st.stm32cube.ide.mcu.externaltools.gnu-tools-for-stm32.11.3.rel1.win32_1.1.100.202309141235/tools/bin/../lib/gcc/arm-none-eabi/11.3.1/thumb/v7-m/nofp/crtbegin.o
LOAD C:/ST/STM32CubeIDE_1.14.0/STM32CubeIDE/plugins/com.st.stm32cube.ide.mcu.externaltools.gnu-tools-for-stm32.11.3.rel1.win32_1.1.100.202309141235/tools/bin/../lib/gcc/arm-none-eabi/11.3.1/../../../../arm-none-eabi/lib/thumb/v7-m/nofp/crt0.o
LOAD ./Drivers/STM32F1xx_HAL_Driver/Src/Legacy/stm32f1xx_hal_can.o
LOAD ./Drivers/STM32F1xx_HAL_Driver/Src/stm32f1xx_hal.o
LOAD ./Drivers/STM32F1xx_HAL_Driver/Src/stm32f1xx_hal_adc.o
LOAD ./Drivers/STM32F1xx_HAL_Driver/Src/stm32f1xx_hal_adc_ex.o
LOAD ./Drivers/STM32F1xx_HAL_Driver/Src/stm32f1xx_hal_can.o
LOAD ./Drivers/STM32F1xx_HAL_Driver/Src/stm32f1xx_hal_cec.o
LOAD ./Drivers/STM32F1xx_HAL_Driver/Src/stm32f1xx_hal_cortex.o
LOAD ./Drivers/STM32F1xx_HAL_Driver/Src/stm32f1xx_hal_crc.o
LOAD ./Drivers/STM32F1xx_HAL_Driver/Src/stm32f1xx_hal_dac.o
LOAD ./Drivers/STM32F1xx_HAL_Driver/Src/stm32f1xx_hal_dac_ex.o
LOAD ./Drivers/STM32F1xx_HAL_Driver/Src/stm32f1xx_hal_dma.o
LOAD ./Drivers/STM32F1xx_HAL_Driver/Src/stm32f1xx_hal_eth.o
LOAD ./Drivers/STM32F1xx_HAL_Driver/Src/stm32f1xx_hal_exti.o
LOAD ./Drivers/STM32F1xx_HAL_Driver/Src/stm32f1xx_hal_flash.o
LOAD ./Drivers/STM32F1xx_HAL_Driver/Src/stm32f1xx_hal_flash_ex.o
LOAD ./Drivers/STM32F1xx_HAL_Driver/Src/stm32f1xx_hal_gpio.o
LOAD ./Drivers/STM32F1xx_HAL_Driver/Src/stm32f1xx_hal_gpio_ex.o
LOAD ./Drivers/STM32F1xx_HAL_Driver/Src/stm32f1xx_hal_hcd.o
LOAD ./Drivers/STM32F1xx_HAL_Driver/Src/stm32f1xx_hal_i2c.o
LOAD ./Drivers/STM32F1xx_HAL_Driver/Src/stm32f1xx_hal_i2s.o
LOAD ./Drivers/STM32F1xx_HAL_Driver/Src/stm32f1xx_hal_irda.o
LOAD ./Drivers/STM32F1xx_HAL_Driver/Src/stm32f1xx_hal_iwdg.o
LOAD ./Drivers/STM32F1xx_HAL_Driver/Src/stm32f1xx_hal_mmc.o
LOAD ./Drivers/STM32F1xx_HAL_Driver/Src/stm32f1xx_hal_msp_template.o
LOAD ./Drivers/STM32F1xx_HAL_Driver/Src/stm32f1xx_hal_nand.o
LOAD ./Drivers/STM32F1xx_HAL_Driver/Src/stm32f1xx_hal_nor.o
LOAD ./Drivers/STM32F1xx_HAL_Driver/Src/stm32f1xx_hal_pccard.o
LOAD ./Drivers/STM32F1xx_HAL_Driver/Src/stm32f1xx_hal_pcd.o
LOAD ./Drivers/STM32F1xx_HAL_Driver/Src/stm32f1xx_hal_pcd_ex.o
LOAD ./Drivers/STM32F1xx_HAL_Driver/Src/stm32f1xx_hal_pwr.o
LOAD ./Drivers/STM32F1xx_HAL_Driver/Src/stm32f1xx_hal_rcc.o
LOAD ./Drivers/STM32F1xx_HAL_Driver/Src/stm32f1xx_hal_rcc_ex.o
LOAD ./Drivers/STM32F1xx_HAL_Driver/Src/stm32f1xx_hal_rtc.o
LOAD ./Drivers/STM32F1xx_HAL_Driver/Src/stm32f1xx_hal_rtc_ex.o
LOAD ./Drivers/STM32F1xx_HAL_Driver/Src/stm32f1xx_hal_sd.o
LOAD ./Drivers/STM32F1xx_HAL_Driver/Src/stm32f1xx_hal_smartcard.o
LOAD ./Drivers/STM32F1xx_HAL_Driver/Src/stm32f1xx_hal_spi.o
LOAD ./Drivers/STM32F1xx_HAL_Driver/Src/stm32f1xx_hal_sram.o
LOAD ./Drivers/STM32F1xx_HAL_Driver/Src/stm32f1xx_hal_tim.o
LOAD ./Drivers/STM32F1xx_HAL_Driver/Src/stm32f1xx_hal_tim_ex.o
LOAD ./Drivers/STM32F1xx_HAL_Driver/Src/stm32f1xx_hal_timebase_rtc_alarm_template.o
LOAD ./Drivers/STM32F1xx_HAL_Driver/Src/stm32f1xx_hal_timebase_tim_template.o
LOAD ./Drivers/STM32F1xx_HAL_Driver/Src/stm32f1xx_hal_uart.o
LOAD ./Drivers/STM32F1xx_HAL_Driver/Src/stm32f1xx_hal_usart.o
LOAD ./Drivers/STM32F1xx_HAL_Driver/Src/stm32f1xx_hal_wwdg.o
LOAD ./Drivers/STM32F1xx_HAL_Driver/Src/stm32f1xx_ll_adc.o
LOAD ./Drivers/STM32F1xx_HAL_Driver/Src/stm32f1xx_ll_crc.o
LOAD ./Drivers/STM32F1xx_HAL_Driver/Src/stm32f1xx_ll_dac.o
LOAD ./Drivers/STM32F1xx_HAL_Driver/Src/stm32f1xx_ll_dma.o
LOAD ./Drivers/STM32F1xx_HAL_Driver/Src/stm32f1xx_ll_exti.o
LOAD ./Drivers/STM32F1xx_HAL_Driver/Src/stm32f1xx_ll_fsmc.o
LOAD ./Drivers/STM32F1xx_HAL_Driver/Src/stm32f1xx_ll_gpio.o
LOAD ./Drivers/STM32F1xx_HAL_Driver/Src/stm32f1xx_ll_i2c.o
LOAD ./Drivers/STM32F1xx_HAL_Driver/Src/stm32f1xx_ll_pwr.o
LOAD ./Drivers/STM32F1xx_HAL_Driver/Src/stm32f1xx_ll_rcc.o
LOAD ./Drivers/STM32F1xx_HAL_Driver/Src/stm32f1xx_ll_rtc.o
LOAD ./Drivers/STM32F1xx_HAL_Driver/Src/stm32f1xx_ll_sdmmc.o
LOAD ./Drivers/STM32F1xx_HAL_Driver/Src/stm32f1xx_ll_spi.o
LOAD ./Drivers/STM32F1xx_HAL_Driver/Src/stm32f1xx_ll_tim.o
LOAD ./Drivers/STM32F1xx_HAL_Driver/Src/stm32f1xx_ll_usart.o
LOAD ./Drivers/STM32F1xx_HAL_Driver/Src/stm32f1xx_ll_usb.o
LOAD ./Drivers/STM32F1xx_HAL_Driver/Src/stm32f1xx_ll_utils.o
LOAD ./Src/VL53L0X.o
LOAD ./Src/config_gpio.o
LOAD ./Src/main.o
LOAD ./Src/miros.o
LOAD ./Src/pid.o
LOAD ./Src/stm32.o
LOAD ./Src/stm32f1xx_hal_msp.o
LOAD ./Src/stm32f1xx_it.o
LOAD ./Src/syscalls.o
LOAD ./Src/sysmem.o
LOAD ./Src/system_stm32f1xx.o
LOAD ./Startup/startup_stm32f103c8tx.o
START GROUP
LOAD C:/ST/STM32CubeIDE_1.14.0/STM32CubeIDE/plugins/com.st.stm32cube.ide.mcu.externaltools.gnu-tools-for-stm32.11.3.rel1.win32_1.1.100.202309141235/tools/bin/../lib/gcc/arm-none-eabi/11.3.1/../../../../arm-none-eabi/lib/thumb/v7-m/nofp\libstdc++_nano.a
LOAD C:/ST/STM32CubeIDE_1.14.0/STM32CubeIDE/plugins/com.st.stm32cube.ide.mcu.externaltools.gnu-tools-for-stm32.11.3.rel1.win32_1.1.100.202309141235/tools/bin/../lib/gcc/arm-none-eabi/11.3.1/../../../../arm-none-eabi/lib/thumb/v7-m/nofp\libsupc++_nano.a
END GROUP
LOAD C:/ST/STM32CubeIDE_1.14.0/STM32CubeIDE/plugins/com.st.stm32cube.ide.mcu.externaltools.gnu-tools-for-stm32.11.3.rel1.win32_1.1.100.202309141235/tools/bin/../lib/gcc/arm-none-eabi/11.3.1/../../../../arm-none-eabi/lib/thumb/v7-m/nofp\libstdc++_nano.a
LOAD C:/ST/STM32CubeIDE_1.14.0/STM32CubeIDE/plugins/com.st.stm32cube.ide.mcu.externaltools.gnu-tools-for-stm32.11.3.rel1.win32_1.1.100.202309141235/tools/bin/../lib/gcc/arm-none-eabi/11.3.1/../../../../arm-none-eabi/lib/thumb/v7-m/nofp\libm.a
LOAD C:/ST/STM32CubeIDE_1.14.0/STM32CubeIDE/plugins/com.st.stm32cube.ide.mcu.externaltools.gnu-tools-for-stm32.11.3.rel1.win32_1.1.100.202309141235/tools/bin/../lib/gcc/arm-none-eabi/11.3.1/../../../../arm-none-eabi/lib/thumb/v7-m/nofp\libc_nano.a
START GROUP
LOAD C:/ST/STM32CubeIDE_1.14.0/STM32CubeIDE/plugins/com.st.stm32cube.ide.mcu.externaltools.gnu-tools-for-stm32.11.3.rel1.win32_1.1.100.202309141235/tools/bin/../lib/gcc/arm-none-eabi/11.3.1/thumb/v7-m/nofp\libgcc.a
LOAD C:/ST/STM32CubeIDE_1.14.0/STM32CubeIDE/plugins/com.st.stm32cube.ide.mcu.externaltools.gnu-tools-for-stm32.11.3.rel1.win32_1.1.100.202309141235/tools/bin/../lib/gcc/arm-none-eabi/11.3.1/../../../../arm-none-eabi/lib/thumb/v7-m/nofp\libc_nano.a
END GROUP
START GROUP
LOAD C:/ST/STM32CubeIDE_1.14.0/STM32CubeIDE/plugins/com.st.stm32cube.ide.mcu.externaltools.gnu-tools-for-stm32.11.3.rel1.win32_1.1.100.202309141235/tools/bin/../lib/gcc/arm-none-eabi/11.3.1/thumb/v7-m/nofp\libgcc.a
LOAD C:/ST/STM32CubeIDE_1.14.0/STM32CubeIDE/plugins/com.st.stm32cube.ide.mcu.externaltools.gnu-tools-for-stm32.11.3.rel1.win32_1.1.100.202309141235/tools/bin/../lib/gcc/arm-none-eabi/11.3.1/../../../../arm-none-eabi/lib/thumb/v7-m/nofp\libc_nano.a
LOAD C:/ST/STM32CubeIDE_1.14.0/STM32CubeIDE/plugins/com.st.stm32cube.ide.mcu.externaltools.gnu-tools-for-stm32.11.3.rel1.win32_1.1.100.202309141235/tools/bin/../lib/gcc/arm-none-eabi/11.3.1/../../../../arm-none-eabi/lib/thumb/v7-m/nofp\libnosys.a
END GROUP
START GROUP
LOAD C:/ST/STM32CubeIDE_1.14.0/STM32CubeIDE/plugins/com.st.stm32cube.ide.mcu.externaltools.gnu-tools-for-stm32.11.3.rel1.win32_1.1.100.202309141235/tools/bin/../lib/gcc/arm-none-eabi/11.3.1/thumb/v7-m/nofp\libgcc.a
LOAD C:/ST/STM32CubeIDE_1.14.0/STM32CubeIDE/plugins/com.st.stm32cube.ide.mcu.externaltools.gnu-tools-for-stm32.11.3.rel1.win32_1.1.100.202309141235/tools/bin/../lib/gcc/arm-none-eabi/11.3.1/../../../../arm-none-eabi/lib/thumb/v7-m/nofp\libc_nano.a
LOAD C:/ST/STM32CubeIDE_1.14.0/STM32CubeIDE/plugins/com.st.stm32cube.ide.mcu.externaltools.gnu-tools-for-stm32.11.3.rel1.win32_1.1.100.202309141235/tools/bin/../lib/gcc/arm-none-eabi/11.3.1/../../../../arm-none-eabi/lib/thumb/v7-m/nofp\libnosys.a
END GROUP
LOAD C:/ST/STM32CubeIDE_1.14.0/STM32CubeIDE/plugins/com.st.stm32cube.ide.mcu.externaltools.gnu-tools-for-stm32.11.3.rel1.win32_1.1.100.202309141235/tools/bin/../lib/gcc/arm-none-eabi/11.3.1/thumb/v7-m/nofp/crtend.o
LOAD C:/ST/STM32CubeIDE_1.14.0/STM32CubeIDE/plugins/com.st.stm32cube.ide.mcu.externaltools.gnu-tools-for-stm32.11.3.rel1.win32_1.1.100.202309141235/tools/bin/../lib/gcc/arm-none-eabi/11.3.1/thumb/v7-m/nofp/crtn.o
                0x0000000020005000                _estack = (ORIGIN (RAM) + LENGTH (RAM))
                0x0000000000000200                _Min_Heap_Size = 0x200
                0x0000000000000400                _Min_Stack_Size = 0x400

.isr_vector     0x0000000008000000      0x130
                0x0000000008000000                . = ALIGN (0x4)
 *(.isr_vector)
 .isr_vector    0x0000000008000000      0x130 ./Startup/startup_stm32f103c8tx.o
                0x0000000008000000                g_pfnVectors
                0x0000000008000130                . = ALIGN (0x4)

.text           0x0000000008000130     0x4168
                0x0000000008000130                . = ALIGN (0x4)
 *(.text)
 .text          0x0000000008000130       0x40 C:/ST/STM32CubeIDE_1.14.0/STM32CubeIDE/plugins/com.st.stm32cube.ide.mcu.externaltools.gnu-tools-for-stm32.11.3.rel1.win32_1.1.100.202309141235/tools/bin/../lib/gcc/arm-none-eabi/11.3.1/thumb/v7-m/nofp/crtbegin.o
 .text          0x0000000008000170      0x378 C:/ST/STM32CubeIDE_1.14.0/STM32CubeIDE/plugins/com.st.stm32cube.ide.mcu.externaltools.gnu-tools-for-stm32.11.3.rel1.win32_1.1.100.202309141235/tools/bin/../lib/gcc/arm-none-eabi/11.3.1/thumb/v7-m/nofp\libgcc.a(_arm_addsubdf3.o)
                0x0000000008000170                __aeabi_drsub
                0x0000000008000178                __aeabi_dsub
                0x0000000008000178                __subdf3
                0x000000000800017c                __aeabi_dadd
                0x000000000800017c                __adddf3
                0x00000000080003f4                __floatunsidf
                0x00000000080003f4                __aeabi_ui2d
                0x0000000008000414                __floatsidf
                0x0000000008000414                __aeabi_i2d
                0x0000000008000438                __aeabi_f2d
                0x0000000008000438                __extendsfdf2
                0x000000000800047c                __floatundidf
                0x000000000800047c                __aeabi_ul2d
                0x000000000800048c                __floatdidf
                0x000000000800048c                __aeabi_l2d
 .text          0x00000000080004e8       0xa0 C:/ST/STM32CubeIDE_1.14.0/STM32CubeIDE/plugins/com.st.stm32cube.ide.mcu.externaltools.gnu-tools-for-stm32.11.3.rel1.win32_1.1.100.202309141235/tools/bin/../lib/gcc/arm-none-eabi/11.3.1/thumb/v7-m/nofp\libgcc.a(_arm_truncdfsf2.o)
                0x00000000080004e8                __truncdfsf2
                0x00000000080004e8                __aeabi_d2f
 .text          0x0000000008000588      0x21c C:/ST/STM32CubeIDE_1.14.0/STM32CubeIDE/plugins/com.st.stm32cube.ide.mcu.externaltools.gnu-tools-for-stm32.11.3.rel1.win32_1.1.100.202309141235/tools/bin/../lib/gcc/arm-none-eabi/11.3.1/thumb/v7-m/nofp\libgcc.a(_arm_addsubsf3.o)
                0x0000000008000588                __aeabi_frsub
                0x0000000008000590                __subsf3
                0x0000000008000590                __aeabi_fsub
                0x0000000008000594                __aeabi_fadd
                0x0000000008000594                __addsf3
                0x00000000080006f4                __aeabi_ui2f
                0x00000000080006f4                __floatunsisf
                0x00000000080006fc                __aeabi_i2f
                0x00000000080006fc                __floatsisf
                0x0000000008000718                __aeabi_ul2f
                0x0000000008000718                __floatundisf
                0x0000000008000728                __aeabi_l2f
                0x0000000008000728                __floatdisf
 .text          0x00000000080007a4      0x2a0 C:/ST/STM32CubeIDE_1.14.0/STM32CubeIDE/plugins/com.st.stm32cube.ide.mcu.externaltools.gnu-tools-for-stm32.11.3.rel1.win32_1.1.100.202309141235/tools/bin/../lib/gcc/arm-none-eabi/11.3.1/thumb/v7-m/nofp\libgcc.a(_arm_muldivsf3.o)
                0x00000000080007a4                __mulsf3
                0x00000000080007a4                __aeabi_fmul
                0x000000000800090c                __aeabi_fdiv
                0x000000000800090c                __divsf3
 .text          0x0000000008000a44       0xec C:/ST/STM32CubeIDE_1.14.0/STM32CubeIDE/plugins/com.st.stm32cube.ide.mcu.externaltools.gnu-tools-for-stm32.11.3.rel1.win32_1.1.100.202309141235/tools/bin/../lib/gcc/arm-none-eabi/11.3.1/thumb/v7-m/nofp\libgcc.a(_arm_cmpsf2.o)
                0x0000000008000a44                __gesf2
                0x0000000008000a44                __gtsf2
                0x0000000008000a4c                __lesf2
                0x0000000008000a4c                __ltsf2
                0x0000000008000a54                __nesf2
                0x0000000008000a54                __eqsf2
                0x0000000008000a54                __cmpsf2
                0x0000000008000ab4                __aeabi_cfrcmple
                0x0000000008000abc                __aeabi_cfcmpeq
                0x0000000008000abc                __aeabi_cfcmple
                0x0000000008000acc                __aeabi_fcmpeq
                0x0000000008000ae0                __aeabi_fcmplt
                0x0000000008000af4                __aeabi_fcmple
                0x0000000008000b08                __aeabi_fcmpge
                0x0000000008000b1c                __aeabi_fcmpgt
 .text          0x0000000008000b30       0x4c C:/ST/STM32CubeIDE_1.14.0/STM32CubeIDE/plugins/com.st.stm32cube.ide.mcu.externaltools.gnu-tools-for-stm32.11.3.rel1.win32_1.1.100.202309141235/tools/bin/../lib/gcc/arm-none-eabi/11.3.1/thumb/v7-m/nofp\libgcc.a(_arm_fixsfsi.o)
                0x0000000008000b30                __aeabi_f2iz
                0x0000000008000b30                __fixsfsi
 *(.text*)
 .text.HAL_IncTick
                0x0000000008000b7c       0x24 ./Drivers/STM32F1xx_HAL_Driver/Src/stm32f1xx_hal.o
                0x0000000008000b7c                HAL_IncTick
 .text.HAL_GetTick
                0x0000000008000ba0       0x14 ./Drivers/STM32F1xx_HAL_Driver/Src/stm32f1xx_hal.o
                0x0000000008000ba0                HAL_GetTick
 .text.__NVIC_GetPriorityGrouping
                0x0000000008000bb4       0x1c ./Drivers/STM32F1xx_HAL_Driver/Src/stm32f1xx_hal_cortex.o
 .text.__NVIC_EnableIRQ
                0x0000000008000bd0       0x38 ./Drivers/STM32F1xx_HAL_Driver/Src/stm32f1xx_hal_cortex.o
 .text.__NVIC_SetPriority
                0x0000000008000c08       0x54 ./Drivers/STM32F1xx_HAL_Driver/Src/stm32f1xx_hal_cortex.o
 .text.NVIC_EncodePriority
                0x0000000008000c5c       0x64 ./Drivers/STM32F1xx_HAL_Driver/Src/stm32f1xx_hal_cortex.o
 .text.HAL_NVIC_SetPriority
                0x0000000008000cc0       0x38 ./Drivers/STM32F1xx_HAL_Driver/Src/stm32f1xx_hal_cortex.o
                0x0000000008000cc0                HAL_NVIC_SetPriority
 .text.HAL_NVIC_EnableIRQ
                0x0000000008000cf8       0x1c ./Drivers/STM32F1xx_HAL_Driver/Src/stm32f1xx_hal_cortex.o
                0x0000000008000cf8                HAL_NVIC_EnableIRQ
 .text.HAL_GPIO_Init
                0x0000000008000d14      0x308 ./Drivers/STM32F1xx_HAL_Driver/Src/stm32f1xx_hal_gpio.o
                0x0000000008000d14                HAL_GPIO_Init
 .text.HAL_GPIO_EXTI_IRQHandler
                0x000000000800101c       0x30 ./Drivers/STM32F1xx_HAL_Driver/Src/stm32f1xx_hal_gpio.o
                0x000000000800101c                HAL_GPIO_EXTI_IRQHandler
 .text.HAL_TIM_Base_Init
                0x000000000800104c       0x9e ./Drivers/STM32F1xx_HAL_Driver/Src/stm32f1xx_hal_tim.o
                0x000000000800104c                HAL_TIM_Base_Init
 .text.HAL_TIM_PWM_Init
                0x00000000080010ea       0x9e ./Drivers/STM32F1xx_HAL_Driver/Src/stm32f1xx_hal_tim.o
                0x00000000080010ea                HAL_TIM_PWM_Init
 .text.HAL_TIM_PWM_MspInit
                0x0000000008001188       0x12 ./Drivers/STM32F1xx_HAL_Driver/Src/stm32f1xx_hal_tim.o
                0x0000000008001188                HAL_TIM_PWM_MspInit
 *fill*         0x000000000800119a        0x2 
 .text.HAL_TIM_PWM_Start
                0x000000000800119c      0x144 ./Drivers/STM32F1xx_HAL_Driver/Src/stm32f1xx_hal_tim.o
                0x000000000800119c                HAL_TIM_PWM_Start
 .text.HAL_TIM_IRQHandler
                0x00000000080012e0      0x1e0 ./Drivers/STM32F1xx_HAL_Driver/Src/stm32f1xx_hal_tim.o
                0x00000000080012e0                HAL_TIM_IRQHandler
 .text.HAL_TIM_PWM_ConfigChannel
                0x00000000080014c0      0x184 ./Drivers/STM32F1xx_HAL_Driver/Src/stm32f1xx_hal_tim.o
                0x00000000080014c0                HAL_TIM_PWM_ConfigChannel
 .text.HAL_TIM_ConfigClockSource
                0x0000000008001644      0x18e ./Drivers/STM32F1xx_HAL_Driver/Src/stm32f1xx_hal_tim.o
                0x0000000008001644                HAL_TIM_ConfigClockSource
 .text.HAL_TIM_OC_DelayElapsedCallback
                0x00000000080017d2       0x12 ./Drivers/STM32F1xx_HAL_Driver/Src/stm32f1xx_hal_tim.o
                0x00000000080017d2                HAL_TIM_OC_DelayElapsedCallback
 .text.HAL_TIM_IC_CaptureCallback
                0x00000000080017e4       0x12 ./Drivers/STM32F1xx_HAL_Driver/Src/stm32f1xx_hal_tim.o
                0x00000000080017e4                HAL_TIM_IC_CaptureCallback
 .text.HAL_TIM_PWM_PulseFinishedCallback
                0x00000000080017f6       0x12 ./Drivers/STM32F1xx_HAL_Driver/Src/stm32f1xx_hal_tim.o
                0x00000000080017f6                HAL_TIM_PWM_PulseFinishedCallback
 .text.HAL_TIM_TriggerCallback
                0x0000000008001808       0x12 ./Drivers/STM32F1xx_HAL_Driver/Src/stm32f1xx_hal_tim.o
                0x0000000008001808                HAL_TIM_TriggerCallback
 *fill*         0x000000000800181a        0x2 
 .text.TIM_Base_SetConfig
                0x000000000800181c       0xc4 ./Drivers/STM32F1xx_HAL_Driver/Src/stm32f1xx_hal_tim.o
                0x000000000800181c                TIM_Base_SetConfig
 .text.TIM_OC1_SetConfig
                0x00000000080018e0       0xcc ./Drivers/STM32F1xx_HAL_Driver/Src/stm32f1xx_hal_tim.o
 .text.TIM_OC2_SetConfig
                0x00000000080019ac       0xd4 ./Drivers/STM32F1xx_HAL_Driver/Src/stm32f1xx_hal_tim.o
                0x00000000080019ac                TIM_OC2_SetConfig
 .text.TIM_OC3_SetConfig
                0x0000000008001a80       0xd4 ./Drivers/STM32F1xx_HAL_Driver/Src/stm32f1xx_hal_tim.o
 .text.TIM_OC4_SetConfig
                0x0000000008001b54       0x9c ./Drivers/STM32F1xx_HAL_Driver/Src/stm32f1xx_hal_tim.o
 .text.TIM_TI1_ConfigInputStage
                0x0000000008001bf0       0x5c ./Drivers/STM32F1xx_HAL_Driver/Src/stm32f1xx_hal_tim.o
 .text.TIM_TI2_ConfigInputStage
                0x0000000008001c4c       0x5e ./Drivers/STM32F1xx_HAL_Driver/Src/stm32f1xx_hal_tim.o
 .text.TIM_ITRx_SetConfig
                0x0000000008001caa       0x34 ./Drivers/STM32F1xx_HAL_Driver/Src/stm32f1xx_hal_tim.o
 .text.TIM_ETR_SetConfig
                0x0000000008001cde       0x3e ./Drivers/STM32F1xx_HAL_Driver/Src/stm32f1xx_hal_tim.o
                0x0000000008001cde                TIM_ETR_SetConfig
 .text.TIM_CCxChannelCmd
                0x0000000008001d1c       0x48 ./Drivers/STM32F1xx_HAL_Driver/Src/stm32f1xx_hal_tim.o
                0x0000000008001d1c                TIM_CCxChannelCmd
 .text.HAL_TIMEx_MasterConfigSynchronization
                0x0000000008001d64       0xbc ./Drivers/STM32F1xx_HAL_Driver/Src/stm32f1xx_hal_tim_ex.o
                0x0000000008001d64                HAL_TIMEx_MasterConfigSynchronization
 .text.HAL_TIMEx_CommutCallback
                0x0000000008001e20       0x12 ./Drivers/STM32F1xx_HAL_Driver/Src/stm32f1xx_hal_tim_ex.o
                0x0000000008001e20                HAL_TIMEx_CommutCallback
 .text.HAL_TIMEx_BreakCallback
                0x0000000008001e32       0x12 ./Drivers/STM32F1xx_HAL_Driver/Src/stm32f1xx_hal_tim_ex.o
                0x0000000008001e32                HAL_TIMEx_BreakCallback
 .text.HAL_TIM_PeriodElapsedCallback
                0x0000000008001e44       0x14 ./Drivers/STM32F1xx_HAL_Driver/Src/stm32f1xx_hal_timebase_tim_template.o
                0x0000000008001e44                HAL_TIM_PeriodElapsedCallback
 .text.TIM2_IRQHandler
                0x0000000008001e58       0x14 ./Drivers/STM32F1xx_HAL_Driver/Src/stm32f1xx_hal_timebase_tim_template.o
                0x0000000008001e58                TIM2_IRQHandler
 .text.VL53L0X_init
                0x0000000008001e6c      0x580 ./Src/VL53L0X.o
                0x0000000008001e6c                VL53L0X_init
 .text.VL53L0X_writeReg
                0x00000000080023ec       0x34 ./Src/VL53L0X.o
                0x00000000080023ec                VL53L0X_writeReg
 .text.VL53L0X_writeReg16Bit
                0x0000000008002420       0x40 ./Src/VL53L0X.o
                0x0000000008002420                VL53L0X_writeReg16Bit
 .text.VL53L0X_writeReg32Bit
                0x0000000008002460       0x4c ./Src/VL53L0X.o
                0x0000000008002460                VL53L0X_writeReg32Bit
 .text.VL53L0X_readReg
                0x00000000080024ac       0x34 ./Src/VL53L0X.o
                0x00000000080024ac                VL53L0X_readReg
 .text.VL53L0X_readReg16Bit
                0x00000000080024e0       0x48 ./Src/VL53L0X.o
                0x00000000080024e0                VL53L0X_readReg16Bit
 .text.VL53L0X_writeMulti
                0x0000000008002528       0x3c ./Src/VL53L0X.o
                0x0000000008002528                VL53L0X_writeMulti
 .text.VL53L0X_readMulti
                0x0000000008002564       0x3c ./Src/VL53L0X.o
                0x0000000008002564                VL53L0X_readMulti
 .text.VL53L0X_setSignalRateLimit
                0x00000000080025a0       0x1c ./Src/VL53L0X.o
                0x00000000080025a0                VL53L0X_setSignalRateLimit
 .text.VL53L0X_setMeasurementTimingBudget
                0x00000000080025bc      0x132 ./Src/VL53L0X.o
                0x00000000080025bc                VL53L0X_setMeasurementTimingBudget
 .text.VL53L0X_getMeasurementTimingBudget
                0x00000000080026ee       0xce ./Src/VL53L0X.o
                0x00000000080026ee                VL53L0X_getMeasurementTimingBudget
 .text.VL53L0X_getVcselPulsePeriod
                0x00000000080027bc       0x4a ./Src/VL53L0X.o
                0x00000000080027bc                VL53L0X_getVcselPulsePeriod
 .text.VL53L0X_startContinuous
                0x0000000008002806       0x9e ./Src/VL53L0X.o
                0x0000000008002806                VL53L0X_startContinuous
 .text.VL53L0X_readRangeContinuousMillimeters
                0x00000000080028a4       0x28 ./Src/VL53L0X.o
                0x00000000080028a4                VL53L0X_readRangeContinuousMillimeters
 .text.VL53L0X_getSpadInfo
                0x00000000080028cc      0x140 ./Src/VL53L0X.o
                0x00000000080028cc                VL53L0X_getSpadInfo
 .text.VL53L0X_getSequenceStepEnables
                0x0000000008002a0c       0x96 ./Src/VL53L0X.o
                0x0000000008002a0c                VL53L0X_getSequenceStepEnables
 .text.VL53L0X_getSequenceStepTimeouts
                0x0000000008002aa2       0xd8 ./Src/VL53L0X.o
                0x0000000008002aa2                VL53L0X_getSequenceStepTimeouts
 .text.VL53L0X_decodeTimeout
                0x0000000008002b7a       0x26 ./Src/VL53L0X.o
                0x0000000008002b7a                VL53L0X_decodeTimeout
 .text.VL53L0X_encodeTimeout
                0x0000000008002ba0       0x56 ./Src/VL53L0X.o
                0x0000000008002ba0                VL53L0X_encodeTimeout
 *fill*         0x0000000008002bf6        0x2 
 .text.VL53L0X_timeoutMclksToMicroseconds
                0x0000000008002bf8       0x50 ./Src/VL53L0X.o
                0x0000000008002bf8                VL53L0X_timeoutMclksToMicroseconds
 .text.VL53L0X_timeoutMicrosecondsToMclks
                0x0000000008002c48       0x4c ./Src/VL53L0X.o
                0x0000000008002c48                VL53L0X_timeoutMicrosecondsToMclks
 .text.VL53L0X_performSingleRefCalibration
                0x0000000008002c94       0x66 ./Src/VL53L0X.o
                0x0000000008002c94                VL53L0X_performSingleRefCalibration
 .text.VL53L0X_startTimeout
                0x0000000008002cfa       0x12 ./Src/VL53L0X.o
                0x0000000008002cfa                VL53L0X_startTimeout
 .text.VL53L0X_checkTimeoutExpired
                0x0000000008002d0c       0x14 ./Src/VL53L0X.o
                0x0000000008002d0c                VL53L0X_checkTimeoutExpired
 .text.MX_GPIO_Init
                0x0000000008002d20       0x80 ./Src/config_gpio.o
                0x0000000008002d20                MX_GPIO_Init
 .text.main     0x0000000008002da0      0x140 ./Src/main.o
                0x0000000008002da0                main
 .text.read_distance_sensor
                0x0000000008002ee0       0x44 ./Src/main.o
                0x0000000008002ee0                read_distance_sensor
 *fill*         0x0000000008002f24        0x4 
 .text.calc_PID
                0x0000000008002f28       0x8c ./Src/main.o
                0x0000000008002f28                calc_PID
 .text.pwm_actuator
                0x0000000008002fb4       0x48 ./Src/main.o
                0x0000000008002fb4                pwm_actuator
 .text.aperiodic_task
                0x0000000008002ffc       0x48 ./Src/main.o
                0x0000000008002ffc                aperiodic_task
 .text.distance_sensor_init
                0x0000000008003044       0x34 ./Src/main.o
                0x0000000008003044                distance_sensor_init
 .text.MX_TIM2_Init
                0x0000000008003078       0xec ./Src/main.o
                0x0000000008003078                MX_TIM2_Init
 .text.HAL_GPIO_EXTI_Callback
                0x0000000008003164       0x4c ./Src/main.o
                0x0000000008003164                HAL_GPIO_EXTI_Callback
 .text.main_idleThread
                0x00000000080031b0        0xa ./Src/miros.o
                0x00000000080031b0                main_idleThread
 .text.OS_error
                0x00000000080031ba        0xa ./Src/miros.o
                0x00000000080031ba                OS_error
 .text.OS_init  0x00000000080031c4       0x38 ./Src/miros.o
                0x00000000080031c4                OS_init
 .text.OS_wait_next_period
                0x00000000080031fc       0x54 ./Src/miros.o
                0x00000000080031fc                OS_wait_next_period
 .text.OS_finished_aperiodic_task
                0x0000000008003250       0x94 ./Src/miros.o
                0x0000000008003250                OS_finished_aperiodic_task
 .text.OS_sched
                0x00000000080032e4       0x94 ./Src/miros.o
                0x00000000080032e4                OS_sched
 .text.OS_run   0x0000000008003378       0x24 ./Src/miros.o
                0x0000000008003378                OS_run
 .text.OS_tick  0x000000000800339c      0x124 ./Src/miros.o
                0x000000000800339c                OS_tick
 .text.OS_delay
                0x00000000080034c0       0x74 ./Src/miros.o
                0x00000000080034c0                OS_delay
 .text.semaphore_init
                0x0000000008003534       0x2c ./Src/miros.o
                0x0000000008003534                semaphore_init
 .text.sem_up   0x0000000008003560       0xb0 ./Src/miros.o
                0x0000000008003560                sem_up
 .text.sem_down
                0x0000000008003610       0xcc ./Src/miros.o
                0x0000000008003610                sem_down
 .text.OSAperiodic_task_start
                0x00000000080036dc      0x17c ./Src/miros.o
                0x00000000080036dc                OSAperiodic_task_start
 .text.OSPeriodic_task_start
                0x0000000008003858      0x288 ./Src/miros.o
                0x0000000008003858                OSPeriodic_task_start
 .text.PendSV_Handler
                0x0000000008003ae0       0x38 ./Src/miros.o
                0x0000000008003ae0                PendSV_Handler
 .text.PID_setup
                0x0000000008003b18       0x64 ./Src/pid.o
                0x0000000008003b18                PID_setup
 .text.PID_action
                0x0000000008003b7c       0xec ./Src/pid.o
                0x0000000008003b7c                PID_action
 .text.gpio_configure
                0x0000000008003c68       0x6a ./Src/stm32.o
                0x0000000008003c68                gpio_configure
 *fill*         0x0000000008003cd2        0x2 
 .text.i2c_init
                0x0000000008003cd4       0x74 ./Src/stm32.o
                0x0000000008003cd4                i2c_init
 .text.i2c_read
                0x0000000008003d48       0xbc ./Src/stm32.o
                0x0000000008003d48                i2c_read
 .text.i2c_write
                0x0000000008003e04       0xe6 ./Src/stm32.o
                0x0000000008003e04                i2c_write
 *fill*         0x0000000008003eea        0x2 
 .text.HAL_TIM_Base_MspInit
                0x0000000008003eec       0x38 ./Src/stm32f1xx_hal_msp.o
                0x0000000008003eec                HAL_TIM_Base_MspInit
 .text.HAL_TIM_MspPostInit
                0x0000000008003f24       0x60 ./Src/stm32f1xx_hal_msp.o
                0x0000000008003f24                HAL_TIM_MspPostInit
 .text.__NVIC_SetPriority
                0x0000000008003f84       0x54 ./Src/stm32f1xx_it.o
 .text.__NVIC_SystemReset
                0x0000000008003fd8       0x2c ./Src/stm32f1xx_it.o
 .text.SysTick_Config
                0x0000000008004004       0x44 ./Src/stm32f1xx_it.o
 .text.NMI_Handler
                0x0000000008004048        0x6 ./Src/stm32f1xx_it.o
                0x0000000008004048                NMI_Handler
 .text.HardFault_Handler
                0x000000000800404e        0x6 ./Src/stm32f1xx_it.o
                0x000000000800404e                HardFault_Handler
 .text.MemManage_Handler
                0x0000000008004054        0x6 ./Src/stm32f1xx_it.o
                0x0000000008004054                MemManage_Handler
 .text.BusFault_Handler
                0x000000000800405a        0x6 ./Src/stm32f1xx_it.o
                0x000000000800405a                BusFault_Handler
 .text.UsageFault_Handler
                0x0000000008004060        0x6 ./Src/stm32f1xx_it.o
                0x0000000008004060                UsageFault_Handler
 .text.SVC_Handler
                0x0000000008004066        0xc ./Src/stm32f1xx_it.o
                0x0000000008004066                SVC_Handler
 .text.DebugMon_Handler
                0x0000000008004072        0xc ./Src/stm32f1xx_it.o
                0x0000000008004072                DebugMon_Handler
 .text.SysTick_Handler
                0x000000000800407e       0x1c ./Src/stm32f1xx_it.o
                0x000000000800407e                SysTick_Handler
 *fill*         0x000000000800409a        0x2 
 .text.OS_onStartup
                0x000000000800409c       0x30 ./Src/stm32f1xx_it.o
                0x000000000800409c                OS_onStartup
 .text.OS_onIdle
                0x00000000080040cc        0xc ./Src/stm32f1xx_it.o
                0x00000000080040cc                OS_onIdle
 .text.Q_onAssert
                0x00000000080040d8        0xe ./Src/stm32f1xx_it.o
                0x00000000080040d8                Q_onAssert
 .text.EXTI0_IRQHandler
                0x00000000080040e6        0xe ./Src/stm32f1xx_it.o
                0x00000000080040e6                EXTI0_IRQHandler
 .text.SystemInit
                0x00000000080040f4        0xc ./Src/system_stm32f1xx.o
                0x00000000080040f4                SystemInit
 .text.SystemCoreClockUpdate
                0x0000000008004100       0xe4 ./Src/system_stm32f1xx.o
                0x0000000008004100                SystemCoreClockUpdate
 .text.Reset_Handler
                0x00000000080041e4       0x50 ./Startup/startup_stm32f103c8tx.o
                0x00000000080041e4                Reset_Handler
 .text.Default_Handler
                0x0000000008004234        0x2 ./Startup/startup_stm32f103c8tx.o
                0x0000000008004234                EXTI2_IRQHandler
                0x0000000008004234                TIM8_TRG_COM_IRQHandler
                0x0000000008004234                TIM8_CC_IRQHandler
                0x0000000008004234                TIM1_CC_IRQHandler
                0x0000000008004234                TIM6_IRQHandler
                0x0000000008004234                PVD_IRQHandler
                0x0000000008004234                SDIO_IRQHandler
                0x0000000008004234                EXTI3_IRQHandler
                0x0000000008004234                USB_HP_CAN_TX_IRQHandler
                0x0000000008004234                I2C2_EV_IRQHandler
                0x0000000008004234                ADC1_2_IRQHandler
                0x0000000008004234                SPI1_IRQHandler
                0x0000000008004234                CAN_SCE_IRQHandler
                0x0000000008004234                TAMPER_IRQHandler
                0x0000000008004234                TIM8_UP_IRQHandler
                0x0000000008004234                DMA2_Channel2_IRQHandler
                0x0000000008004234                DMA1_Channel4_IRQHandler
                0x0000000008004234                USART3_IRQHandler
                0x0000000008004234                RTC_IRQHandler
                0x0000000008004234                DMA1_Channel7_IRQHandler
                0x0000000008004234                UART5_IRQHandler
                0x0000000008004234                ADC3_IRQHandler
                0x0000000008004234                TIM4_IRQHandler
                0x0000000008004234                CAN_RX1_IRQHandler
                0x0000000008004234                DMA2_Channel1_IRQHandler
                0x0000000008004234                I2C1_EV_IRQHandler
                0x0000000008004234                DMA1_Channel6_IRQHandler
                0x0000000008004234                UART4_IRQHandler
                0x0000000008004234                TIM3_IRQHandler
                0x0000000008004234                RCC_IRQHandler
                0x0000000008004234                TIM1_TRG_COM_IRQHandler
                0x0000000008004234                DMA1_Channel1_IRQHandler
                0x0000000008004234                Default_Handler
                0x0000000008004234                EXTI15_10_IRQHandler
                0x0000000008004234                TIM7_IRQHandler
                0x0000000008004234                TIM5_IRQHandler
                0x0000000008004234                EXTI9_5_IRQHandler
                0x0000000008004234                SPI2_IRQHandler
                0x0000000008004234                USB_LP_CAN_RX0_IRQHandler
                0x0000000008004234                DMA1_Channel5_IRQHandler
                0x0000000008004234                EXTI4_IRQHandler
                0x0000000008004234                DMA1_Channel3_IRQHandler
                0x0000000008004234                FSMC_IRQHandler
                0x0000000008004234                TIM1_UP_IRQHandler
                0x0000000008004234                WWDG_IRQHandler
                0x0000000008004234                TIM1_BRK_IRQHandler
                0x0000000008004234                EXTI1_IRQHandler
                0x0000000008004234                RTCAlarm_IRQHandler
                0x0000000008004234                DMA2_Channel4_5_IRQHandler
                0x0000000008004234                USART2_IRQHandler
                0x0000000008004234                I2C2_ER_IRQHandler
                0x0000000008004234                DMA1_Channel2_IRQHandler
                0x0000000008004234                TIM8_BRK_IRQHandler
                0x0000000008004234                FLASH_IRQHandler
                0x0000000008004234                USART1_IRQHandler
                0x0000000008004234                SPI3_IRQHandler
                0x0000000008004234                I2C1_ER_IRQHandler
                0x0000000008004234                DMA2_Channel3_IRQHandler
 *fill*         0x0000000008004236        0x2 
 .text.__libc_init_array
                0x0000000008004238       0x48 C:/ST/STM32CubeIDE_1.14.0/STM32CubeIDE/plugins/com.st.stm32cube.ide.mcu.externaltools.gnu-tools-for-stm32.11.3.rel1.win32_1.1.100.202309141235/tools/bin/../lib/gcc/arm-none-eabi/11.3.1/../../../../arm-none-eabi/lib/thumb/v7-m/nofp\libc_nano.a(libc_a-init.o)
                0x0000000008004238                __libc_init_array
 *(.glue_7)
 .glue_7        0x0000000008004280        0x0 linker stubs
 *(.glue_7t)
 .glue_7t       0x0000000008004280        0x0 linker stubs
 *(.eh_frame)
 .eh_frame      0x0000000008004280        0x0 C:/ST/STM32CubeIDE_1.14.0/STM32CubeIDE/plugins/com.st.stm32cube.ide.mcu.externaltools.gnu-tools-for-stm32.11.3.rel1.win32_1.1.100.202309141235/tools/bin/../lib/gcc/arm-none-eabi/11.3.1/thumb/v7-m/nofp/crtbegin.o
 *(.init)
 .init          0x0000000008004280        0x4 C:/ST/STM32CubeIDE_1.14.0/STM32CubeIDE/plugins/com.st.stm32cube.ide.mcu.externaltools.gnu-tools-for-stm32.11.3.rel1.win32_1.1.100.202309141235/tools/bin/../lib/gcc/arm-none-eabi/11.3.1/thumb/v7-m/nofp/crti.o
                0x0000000008004280                _init
 .init          0x0000000008004284        0x8 C:/ST/STM32CubeIDE_1.14.0/STM32CubeIDE/plugins/com.st.stm32cube.ide.mcu.externaltools.gnu-tools-for-stm32.11.3.rel1.win32_1.1.100.202309141235/tools/bin/../lib/gcc/arm-none-eabi/11.3.1/thumb/v7-m/nofp/crtn.o
 *(.fini)
 .fini          0x000000000800428c        0x4 C:/ST/STM32CubeIDE_1.14.0/STM32CubeIDE/plugins/com.st.stm32cube.ide.mcu.externaltools.gnu-tools-for-stm32.11.3.rel1.win32_1.1.100.202309141235/tools/bin/../lib/gcc/arm-none-eabi/11.3.1/thumb/v7-m/nofp/crti.o
                0x000000000800428c                _fini
 .fini          0x0000000008004290        0x8 C:/ST/STM32CubeIDE_1.14.0/STM32CubeIDE/plugins/com.st.stm32cube.ide.mcu.externaltools.gnu-tools-for-stm32.11.3.rel1.win32_1.1.100.202309141235/tools/bin/../lib/gcc/arm-none-eabi/11.3.1/thumb/v7-m/nofp/crtn.o
                0x0000000008004298                . = ALIGN (0x4)
                0x0000000008004298                _etext = .

.vfp11_veneer   0x0000000008004298        0x0
 .vfp11_veneer  0x0000000008004298        0x0 linker stubs

.v4_bx          0x0000000008004298        0x0
 .v4_bx         0x0000000008004298        0x0 linker stubs

.iplt           0x0000000008004298        0x0
 .iplt          0x0000000008004298        0x0 C:/ST/STM32CubeIDE_1.14.0/STM32CubeIDE/plugins/com.st.stm32cube.ide.mcu.externaltools.gnu-tools-for-stm32.11.3.rel1.win32_1.1.100.202309141235/tools/bin/../lib/gcc/arm-none-eabi/11.3.1/thumb/v7-m/nofp/crtbegin.o

.rodata         0x0000000008004298       0x30
                0x0000000008004298                . = ALIGN (0x4)
 *(.rodata)
 *(.rodata*)
 .rodata.Q_this_module_
                0x0000000008004298        0xf ./Src/miros.o
 *fill*         0x00000000080042a7        0x1 
 .rodata.Q_this_module_
                0x00000000080042a8        0xd ./Src/pid.o
 *fill*         0x00000000080042b5        0x3 
 .rodata.AHBPrescTable
                0x00000000080042b8       0x10 ./Src/system_stm32f1xx.o
                0x00000000080042b8                AHBPrescTable
                0x00000000080042c8                . = ALIGN (0x4)

.rel.dyn        0x00000000080042c8        0x0
 .rel.iplt      0x00000000080042c8        0x0 C:/ST/STM32CubeIDE_1.14.0/STM32CubeIDE/plugins/com.st.stm32cube.ide.mcu.externaltools.gnu-tools-for-stm32.11.3.rel1.win32_1.1.100.202309141235/tools/bin/../lib/gcc/arm-none-eabi/11.3.1/thumb/v7-m/nofp/crtbegin.o

.ARM.extab      0x00000000080042c8        0x0
                0x00000000080042c8                . = ALIGN (0x4)
 *(.ARM.extab* .gnu.linkonce.armextab.*)
                0x00000000080042c8                . = ALIGN (0x4)

.ARM            0x00000000080042c8        0x0
                0x00000000080042c8                . = ALIGN (0x4)
                0x00000000080042c8                __exidx_start = .
 *(.ARM.exidx*)
                0x00000000080042c8                __exidx_end = .
                0x00000000080042c8                . = ALIGN (0x4)

.preinit_array  0x00000000080042c8        0x0
                0x00000000080042c8                . = ALIGN (0x4)
                0x00000000080042c8                PROVIDE (__preinit_array_start = .)
 *(.preinit_array*)
                0x00000000080042c8                PROVIDE (__preinit_array_end = .)
                0x00000000080042c8                . = ALIGN (0x4)

.init_array     0x00000000080042c8        0x4
                0x00000000080042c8                . = ALIGN (0x4)
                0x00000000080042c8                PROVIDE (__init_array_start = .)
 *(SORT_BY_NAME(.init_array.*))
 *(.init_array*)
 .init_array    0x00000000080042c8        0x4 C:/ST/STM32CubeIDE_1.14.0/STM32CubeIDE/plugins/com.st.stm32cube.ide.mcu.externaltools.gnu-tools-for-stm32.11.3.rel1.win32_1.1.100.202309141235/tools/bin/../lib/gcc/arm-none-eabi/11.3.1/thumb/v7-m/nofp/crtbegin.o
                0x00000000080042cc                PROVIDE (__init_array_end = .)
                0x00000000080042cc                . = ALIGN (0x4)

.fini_array     0x00000000080042cc        0x4
                0x00000000080042cc                . = ALIGN (0x4)
                [!provide]                        PROVIDE (__fini_array_start = .)
 *(SORT_BY_NAME(.fini_array.*))
 *(.fini_array*)
 .fini_array    0x00000000080042cc        0x4 C:/ST/STM32CubeIDE_1.14.0/STM32CubeIDE/plugins/com.st.stm32cube.ide.mcu.externaltools.gnu-tools-for-stm32.11.3.rel1.win32_1.1.100.202309141235/tools/bin/../lib/gcc/arm-none-eabi/11.3.1/thumb/v7-m/nofp/crtbegin.o
                [!provide]                        PROVIDE (__fini_array_end = .)
                0x00000000080042d0                . = ALIGN (0x4)
                0x00000000080042d0                _sidata = LOADADDR (.data)

.data           0x0000000020000000       0x24 load address 0x00000000080042d0
                0x0000000020000000                . = ALIGN (0x4)
                0x0000000020000000                _sdata = .
 *(.data)
 *(.data*)
 .data.uwTickFreq
                0x0000000020000000        0x1 ./Drivers/STM32F1xx_HAL_Driver/Src/stm32f1xx_hal.o
                0x0000000020000000                uwTickFreq
 *fill*         0x0000000020000001        0x3 
 .data.myTOFsensor
                0x0000000020000004       0x18 ./Src/main.o
 .data.PERIOD_TOF_SENSOR
                0x000000002000001c        0x4 ./Src/pid.o
                0x000000002000001c                PERIOD_TOF_SENSOR
 .data.SystemCoreClock
                0x0000000020000020        0x4 ./Src/system_stm32f1xx.o
                0x0000000020000020                SystemCoreClock
 *(.RamFunc)
 *(.RamFunc*)
                0x0000000020000024                . = ALIGN (0x4)
                0x0000000020000024                _edata = .

.igot.plt       0x0000000020000024        0x0 load address 0x00000000080042f4
 .igot.plt      0x0000000020000024        0x0 C:/ST/STM32CubeIDE_1.14.0/STM32CubeIDE/plugins/com.st.stm32cube.ide.mcu.externaltools.gnu-tools-for-stm32.11.3.rel1.win32_1.1.100.202309141235/tools/bin/../lib/gcc/arm-none-eabi/11.3.1/thumb/v7-m/nofp/crtbegin.o
                0x0000000020000024                . = ALIGN (0x4)

.bss            0x0000000020000024      0x4bc load address 0x00000000080042f4
                0x0000000020000024                _sbss = .
                0x0000000020000024                __bss_start__ = _sbss
 *(.bss)
 .bss           0x0000000020000024       0x1c C:/ST/STM32CubeIDE_1.14.0/STM32CubeIDE/plugins/com.st.stm32cube.ide.mcu.externaltools.gnu-tools-for-stm32.11.3.rel1.win32_1.1.100.202309141235/tools/bin/../lib/gcc/arm-none-eabi/11.3.1/thumb/v7-m/nofp/crtbegin.o
 *(.bss*)
 .bss.uwTick    0x0000000020000040        0x4 ./Drivers/STM32F1xx_HAL_Driver/Src/stm32f1xx_hal.o
                0x0000000020000040                uwTick
 .bss.TimHandle
                0x0000000020000044       0x48 ./Drivers/STM32F1xx_HAL_Driver/Src/stm32f1xx_hal_timebase_tim_template.o
                0x0000000020000044                TimHandle
 .bss.pwmVal    0x000000002000008c        0x4 ./Src/main.o
                0x000000002000008c                pwmVal
 .bss.previousTick
                0x0000000020000090        0x4 ./Src/main.o
                0x0000000020000090                previousTick
 .bss.currentDistance
                0x0000000020000094        0x4 ./Src/main.o
                0x0000000020000094                currentDistance
 .bss.struct_distance_sensor_task
                0x0000000020000098       0xbc ./Src/main.o
                0x0000000020000098                struct_distance_sensor_task
 .bss.struct_calc_pid
                0x0000000020000154       0xbc ./Src/main.o
                0x0000000020000154                struct_calc_pid
 .bss.struct_pwm_actuator_task
                0x0000000020000210       0xbc ./Src/main.o
                0x0000000020000210                struct_pwm_actuator_task
 .bss.struct_aperiodic_task
                0x00000000200002cc       0xbc ./Src/main.o
                0x00000000200002cc                struct_aperiodic_task
 .bss.parameters_distance_sensor_task
                0x0000000020000388       0x10 ./Src/main.o
                0x0000000020000388                parameters_distance_sensor_task
 .bss.parameters_calc_pid
                0x0000000020000398       0x10 ./Src/main.o
                0x0000000020000398                parameters_calc_pid
 .bss.parameters_pwm_actuator_task
                0x00000000200003a8       0x10 ./Src/main.o
                0x00000000200003a8                parameters_pwm_actuator_task
 .bss.pidController
                0x00000000200003b8       0x24 ./Src/main.o
                0x00000000200003b8                pidController
 .bss.mutex_setpoint
                0x00000000200003dc        0x8 ./Src/main.o
                0x00000000200003dc                mutex_setpoint
 .bss.mutex_current_distance
                0x00000000200003e4        0x8 ./Src/main.o
                0x00000000200003e4                mutex_current_distance
 .bss.mutex_pwm_value
                0x00000000200003ec        0x8 ./Src/main.o
                0x00000000200003ec                mutex_pwm_value
 .bss.htim2     0x00000000200003f4       0x48 ./Src/main.o
                0x00000000200003f4                htim2
 .bss.distanceSensor
                0x000000002000043c       0x18 ./Src/main.o
                0x000000002000043c                distanceSensor
 .bss.OS_curr   0x0000000020000454        0x4 ./Src/miros.o
                0x0000000020000454                OS_curr
 .bss.OS_next   0x0000000020000458        0x4 ./Src/miros.o
                0x0000000020000458                OS_next
 .bss.OS_tasks  0x000000002000045c       0x30 ./Src/miros.o
                0x000000002000045c                OS_tasks
 .bss.OS_aperiodic_tasks
                0x000000002000048c       0x28 ./Src/miros.o
                0x000000002000048c                OS_aperiodic_tasks
 .bss.OS_readySet
                0x00000000200004b4        0x4 ./Src/miros.o
                0x00000000200004b4                OS_readySet
 .bss.OS_delayedSet
                0x00000000200004b8        0x4 ./Src/miros.o
                0x00000000200004b8                OS_delayedSet
 .bss.OS_waiting_next_periodSet
                0x00000000200004bc        0x4 ./Src/miros.o
                0x00000000200004bc                OS_waiting_next_periodSet
 .bss.number_periodic_tasks
                0x00000000200004c0        0x1 ./Src/miros.o
                0x00000000200004c0                number_periodic_tasks
 .bss.number_aperiodic_tasks
                0x00000000200004c1        0x1 ./Src/miros.o
                0x00000000200004c1                number_aperiodic_tasks
 *fill*         0x00000000200004c2        0x2 
 .bss.idleThread
                0x00000000200004c4       0x1c ./Src/miros.o
                0x00000000200004c4                idleThread
 *(COMMON)
                0x00000000200004e0                . = ALIGN (0x4)
                0x00000000200004e0                _ebss = .
                0x00000000200004e0                __bss_end__ = _ebss

._user_heap_stack
                0x00000000200004e0      0x600 load address 0x00000000080042f4
                0x00000000200004e0                . = ALIGN (0x8)
                [!provide]                        PROVIDE (end = .)
                0x00000000200004e0                PROVIDE (_end = .)
                0x00000000200006e0                . = (. + _Min_Heap_Size)
 *fill*         0x00000000200004e0      0x200 
                0x0000000020000ae0                . = (. + _Min_Stack_Size)
 *fill*         0x00000000200006e0      0x400 
                0x0000000020000ae0                . = ALIGN (0x8)

/DISCARD/
 libc.a(*)
 libm.a(*)
 libgcc.a(*)

.ARM.attributes
                0x0000000000000000       0x29
 *(.ARM.attributes)
 .ARM.attributes
                0x0000000000000000       0x1d C:/ST/STM32CubeIDE_1.14.0/STM32CubeIDE/plugins/com.st.stm32cube.ide.mcu.externaltools.gnu-tools-for-stm32.11.3.rel1.win32_1.1.100.202309141235/tools/bin/../lib/gcc/arm-none-eabi/11.3.1/thumb/v7-m/nofp/crti.o
 .ARM.attributes
                0x000000000000001d       0x2d C:/ST/STM32CubeIDE_1.14.0/STM32CubeIDE/plugins/com.st.stm32cube.ide.mcu.externaltools.gnu-tools-for-stm32.11.3.rel1.win32_1.1.100.202309141235/tools/bin/../lib/gcc/arm-none-eabi/11.3.1/thumb/v7-m/nofp/crtbegin.o
 .ARM.attributes
                0x000000000000004a       0x2d ./Drivers/STM32F1xx_HAL_Driver/Src/stm32f1xx_hal.o
 .ARM.attributes
                0x0000000000000077       0x2d ./Drivers/STM32F1xx_HAL_Driver/Src/stm32f1xx_hal_cortex.o
 .ARM.attributes
                0x00000000000000a4       0x2d ./Drivers/STM32F1xx_HAL_Driver/Src/stm32f1xx_hal_gpio.o
 .ARM.attributes
                0x00000000000000d1       0x2d ./Drivers/STM32F1xx_HAL_Driver/Src/stm32f1xx_hal_tim.o
 .ARM.attributes
                0x00000000000000fe       0x2d ./Drivers/STM32F1xx_HAL_Driver/Src/stm32f1xx_hal_tim_ex.o
 .ARM.attributes
                0x000000000000012b       0x2d ./Drivers/STM32F1xx_HAL_Driver/Src/stm32f1xx_hal_timebase_tim_template.o
 .ARM.attributes
                0x0000000000000158       0x2d ./Src/VL53L0X.o
 .ARM.attributes
                0x0000000000000185       0x2d ./Src/config_gpio.o
 .ARM.attributes
                0x00000000000001b2       0x2d ./Src/main.o
 .ARM.attributes
                0x00000000000001df       0x2d ./Src/miros.o
 .ARM.attributes
                0x000000000000020c       0x2d ./Src/pid.o
 .ARM.attributes
                0x0000000000000239       0x2d ./Src/stm32.o
 .ARM.attributes
                0x0000000000000266       0x2d ./Src/stm32f1xx_hal_msp.o
 .ARM.attributes
                0x0000000000000293       0x2d ./Src/stm32f1xx_it.o
 .ARM.attributes
                0x00000000000002c0       0x2d ./Src/system_stm32f1xx.o
 .ARM.attributes
                0x00000000000002ed       0x21 ./Startup/startup_stm32f103c8tx.o
 .ARM.attributes
                0x000000000000030e       0x2d C:/ST/STM32CubeIDE_1.14.0/STM32CubeIDE/plugins/com.st.stm32cube.ide.mcu.externaltools.gnu-tools-for-stm32.11.3.rel1.win32_1.1.100.202309141235/tools/bin/../lib/gcc/arm-none-eabi/11.3.1/../../../../arm-none-eabi/lib/thumb/v7-m/nofp\libc_nano.a(libc_a-init.o)
 .ARM.attributes
                0x000000000000033b       0x1d C:/ST/STM32CubeIDE_1.14.0/STM32CubeIDE/plugins/com.st.stm32cube.ide.mcu.externaltools.gnu-tools-for-stm32.11.3.rel1.win32_1.1.100.202309141235/tools/bin/../lib/gcc/arm-none-eabi/11.3.1/thumb/v7-m/nofp\libgcc.a(_arm_addsubdf3.o)
 .ARM.attributes
                0x0000000000000358       0x1d C:/ST/STM32CubeIDE_1.14.0/STM32CubeIDE/plugins/com.st.stm32cube.ide.mcu.externaltools.gnu-tools-for-stm32.11.3.rel1.win32_1.1.100.202309141235/tools/bin/../lib/gcc/arm-none-eabi/11.3.1/thumb/v7-m/nofp\libgcc.a(_arm_truncdfsf2.o)
 .ARM.attributes
                0x0000000000000375       0x1d C:/ST/STM32CubeIDE_1.14.0/STM32CubeIDE/plugins/com.st.stm32cube.ide.mcu.externaltools.gnu-tools-for-stm32.11.3.rel1.win32_1.1.100.202309141235/tools/bin/../lib/gcc/arm-none-eabi/11.3.1/thumb/v7-m/nofp\libgcc.a(_arm_addsubsf3.o)
 .ARM.attributes
                0x0000000000000392       0x1d C:/ST/STM32CubeIDE_1.14.0/STM32CubeIDE/plugins/com.st.stm32cube.ide.mcu.externaltools.gnu-tools-for-stm32.11.3.rel1.win32_1.1.100.202309141235/tools/bin/../lib/gcc/arm-none-eabi/11.3.1/thumb/v7-m/nofp\libgcc.a(_arm_muldivsf3.o)
 .ARM.attributes
                0x00000000000003af       0x1d C:/ST/STM32CubeIDE_1.14.0/STM32CubeIDE/plugins/com.st.stm32cube.ide.mcu.externaltools.gnu-tools-for-stm32.11.3.rel1.win32_1.1.100.202309141235/tools/bin/../lib/gcc/arm-none-eabi/11.3.1/thumb/v7-m/nofp\libgcc.a(_arm_cmpsf2.o)
 .ARM.attributes
                0x00000000000003cc       0x1d C:/ST/STM32CubeIDE_1.14.0/STM32CubeIDE/plugins/com.st.stm32cube.ide.mcu.externaltools.gnu-tools-for-stm32.11.3.rel1.win32_1.1.100.202309141235/tools/bin/../lib/gcc/arm-none-eabi/11.3.1/thumb/v7-m/nofp\libgcc.a(_arm_fixsfsi.o)
 .ARM.attributes
                0x00000000000003e9       0x1d C:/ST/STM32CubeIDE_1.14.0/STM32CubeIDE/plugins/com.st.stm32cube.ide.mcu.externaltools.gnu-tools-for-stm32.11.3.rel1.win32_1.1.100.202309141235/tools/bin/../lib/gcc/arm-none-eabi/11.3.1/thumb/v7-m/nofp/crtn.o
OUTPUT(str-miros-stm32f103.elf elf32-littlearm)
LOAD linker stubs
LOAD C:/ST/STM32CubeIDE_1.14.0/STM32CubeIDE/plugins/com.st.stm32cube.ide.mcu.externaltools.gnu-tools-for-stm32.11.3.rel1.win32_1.1.100.202309141235/tools/bin/../lib/gcc/arm-none-eabi/11.3.1/../../../../arm-none-eabi/lib/thumb/v7-m/nofp\libc.a
LOAD C:/ST/STM32CubeIDE_1.14.0/STM32CubeIDE/plugins/com.st.stm32cube.ide.mcu.externaltools.gnu-tools-for-stm32.11.3.rel1.win32_1.1.100.202309141235/tools/bin/../lib/gcc/arm-none-eabi/11.3.1/../../../../arm-none-eabi/lib/thumb/v7-m/nofp\libm.a
LOAD C:/ST/STM32CubeIDE_1.14.0/STM32CubeIDE/plugins/com.st.stm32cube.ide.mcu.externaltools.gnu-tools-for-stm32.11.3.rel1.win32_1.1.100.202309141235/tools/bin/../lib/gcc/arm-none-eabi/11.3.1/thumb/v7-m/nofp\libgcc.a

.comment        0x0000000000000000       0x43
 .comment       0x0000000000000000       0x43 C:/ST/STM32CubeIDE_1.14.0/STM32CubeIDE/plugins/com.st.stm32cube.ide.mcu.externaltools.gnu-tools-for-stm32.11.3.rel1.win32_1.1.100.202309141235/tools/bin/../lib/gcc/arm-none-eabi/11.3.1/thumb/v7-m/nofp/crtbegin.o
                                         0x44 (size before relaxing)
 .comment       0x0000000000000043       0x44 ./Drivers/STM32F1xx_HAL_Driver/Src/stm32f1xx_hal.o
 .comment       0x0000000000000043       0x44 ./Drivers/STM32F1xx_HAL_Driver/Src/stm32f1xx_hal_cortex.o
 .comment       0x0000000000000043       0x44 ./Drivers/STM32F1xx_HAL_Driver/Src/stm32f1xx_hal_gpio.o
 .comment       0x0000000000000043       0x44 ./Drivers/STM32F1xx_HAL_Driver/Src/stm32f1xx_hal_tim.o
 .comment       0x0000000000000043       0x44 ./Drivers/STM32F1xx_HAL_Driver/Src/stm32f1xx_hal_tim_ex.o
 .comment       0x0000000000000043       0x44 ./Drivers/STM32F1xx_HAL_Driver/Src/stm32f1xx_hal_timebase_tim_template.o
 .comment       0x0000000000000043       0x44 ./Src/VL53L0X.o
 .comment       0x0000000000000043       0x44 ./Src/config_gpio.o
 .comment       0x0000000000000043       0x44 ./Src/main.o
 .comment       0x0000000000000043       0x44 ./Src/miros.o
 .comment       0x0000000000000043       0x44 ./Src/pid.o
 .comment       0x0000000000000043       0x44 ./Src/stm32.o
 .comment       0x0000000000000043       0x44 ./Src/stm32f1xx_hal_msp.o
 .comment       0x0000000000000043       0x44 ./Src/stm32f1xx_it.o
 .comment       0x0000000000000043       0x44 ./Src/system_stm32f1xx.o

.debug_info     0x0000000000000000     0xa78c
 .debug_info    0x0000000000000000      0x704 ./Drivers/STM32F1xx_HAL_Driver/Src/stm32f1xx_hal.o
 .debug_info    0x0000000000000704      0xa87 ./Drivers/STM32F1xx_HAL_Driver/Src/stm32f1xx_hal_cortex.o
 .debug_info    0x000000000000118b      0x594 ./Drivers/STM32F1xx_HAL_Driver/Src/stm32f1xx_hal_gpio.o
 .debug_info    0x000000000000171f     0x2959 ./Drivers/STM32F1xx_HAL_Driver/Src/stm32f1xx_hal_tim.o
 .debug_info    0x0000000000004078     0x149b ./Drivers/STM32F1xx_HAL_Driver/Src/stm32f1xx_hal_tim_ex.o
 .debug_info    0x0000000000005513      0x9fa ./Drivers/STM32F1xx_HAL_Driver/Src/stm32f1xx_hal_timebase_tim_template.o
 .debug_info    0x0000000000005f0d      0xea7 ./Src/VL53L0X.o
 .debug_info    0x0000000000006db4      0x3e0 ./Src/config_gpio.o
 .debug_info    0x0000000000007194      0xdf0 ./Src/main.o
 .debug_info    0x0000000000007f84      0x93f ./Src/miros.o
 .debug_info    0x00000000000088c3      0x25a ./Src/pid.o
 .debug_info    0x0000000000008b1d      0x9e7 ./Src/stm32.o
 .debug_info    0x0000000000009504      0x91c ./Src/stm32f1xx_hal_msp.o
 .debug_info    0x0000000000009e20      0x72e ./Src/stm32f1xx_it.o
 .debug_info    0x000000000000a54e      0x21b ./Src/system_stm32f1xx.o
 .debug_info    0x000000000000a769       0x23 ./Startup/startup_stm32f103c8tx.o

.debug_abbrev   0x0000000000000000     0x1fb7
 .debug_abbrev  0x0000000000000000      0x201 ./Drivers/STM32F1xx_HAL_Driver/Src/stm32f1xx_hal.o
 .debug_abbrev  0x0000000000000201      0x2f8 ./Drivers/STM32F1xx_HAL_Driver/Src/stm32f1xx_hal_cortex.o
 .debug_abbrev  0x00000000000004f9      0x1e7 ./Drivers/STM32F1xx_HAL_Driver/Src/stm32f1xx_hal_gpio.o
 .debug_abbrev  0x00000000000006e0      0x277 ./Drivers/STM32F1xx_HAL_Driver/Src/stm32f1xx_hal_tim.o
 .debug_abbrev  0x0000000000000957      0x282 ./Drivers/STM32F1xx_HAL_Driver/Src/stm32f1xx_hal_tim_ex.o
 .debug_abbrev  0x0000000000000bd9      0x23b ./Drivers/STM32F1xx_HAL_Driver/Src/stm32f1xx_hal_timebase_tim_template.o
 .debug_abbrev  0x0000000000000e14      0x236 ./Src/VL53L0X.o
 .debug_abbrev  0x000000000000104a      0x15e ./Src/config_gpio.o
 .debug_abbrev  0x00000000000011a8      0x26e ./Src/main.o
 .debug_abbrev  0x0000000000001416      0x2a0 ./Src/miros.o
 .debug_abbrev  0x00000000000016b6      0x12f ./Src/pid.o
 .debug_abbrev  0x00000000000017e5      0x22f ./Src/stm32.o
 .debug_abbrev  0x0000000000001a14      0x1cf ./Src/stm32f1xx_hal_msp.o
 .debug_abbrev  0x0000000000001be3      0x283 ./Src/stm32f1xx_it.o
 .debug_abbrev  0x0000000000001e66      0x13f ./Src/system_stm32f1xx.o
 .debug_abbrev  0x0000000000001fa5       0x12 ./Startup/startup_stm32f103c8tx.o

.debug_aranges  0x0000000000000000      0xbb8
 .debug_aranges
                0x0000000000000000       0xe0 ./Drivers/STM32F1xx_HAL_Driver/Src/stm32f1xx_hal.o
 .debug_aranges
                0x00000000000000e0      0x100 ./Drivers/STM32F1xx_HAL_Driver/Src/stm32f1xx_hal_cortex.o
 .debug_aranges
                0x00000000000001e0       0x50 ./Drivers/STM32F1xx_HAL_Driver/Src/stm32f1xx_hal_gpio.o
 .debug_aranges
                0x0000000000000230      0x3d0 ./Drivers/STM32F1xx_HAL_Driver/Src/stm32f1xx_hal_tim.o
 .debug_aranges
                0x0000000000000600      0x168 ./Drivers/STM32F1xx_HAL_Driver/Src/stm32f1xx_hal_tim_ex.o
 .debug_aranges
                0x0000000000000768       0x40 ./Drivers/STM32F1xx_HAL_Driver/Src/stm32f1xx_hal_timebase_tim_template.o
 .debug_aranges
                0x00000000000007a8      0x110 ./Src/VL53L0X.o
 .debug_aranges
                0x00000000000008b8       0x20 ./Src/config_gpio.o
 .debug_aranges
                0x00000000000008d8       0x58 ./Src/main.o
 .debug_aranges
                0x0000000000000930       0x90 ./Src/miros.o
 .debug_aranges
                0x00000000000009c0       0x28 ./Src/pid.o
 .debug_aranges
                0x00000000000009e8       0xb0 ./Src/stm32.o
 .debug_aranges
                0x0000000000000a98       0x38 ./Src/stm32f1xx_hal_msp.o
 .debug_aranges
                0x0000000000000ad0       0x98 ./Src/stm32f1xx_it.o
 .debug_aranges
                0x0000000000000b68       0x28 ./Src/system_stm32f1xx.o
 .debug_aranges
                0x0000000000000b90       0x28 ./Startup/startup_stm32f103c8tx.o

.debug_rnglists
                0x0000000000000000      0x8f6
 .debug_rnglists
                0x0000000000000000       0xa3 ./Drivers/STM32F1xx_HAL_Driver/Src/stm32f1xx_hal.o
 .debug_rnglists
                0x00000000000000a3       0xbb ./Drivers/STM32F1xx_HAL_Driver/Src/stm32f1xx_hal_cortex.o
 .debug_rnglists
                0x000000000000015e       0x39 ./Drivers/STM32F1xx_HAL_Driver/Src/stm32f1xx_hal_gpio.o
 .debug_rnglists
                0x0000000000000197      0x31a ./Drivers/STM32F1xx_HAL_Driver/Src/stm32f1xx_hal_tim.o
 .debug_rnglists
                0x00000000000004b1      0x125 ./Drivers/STM32F1xx_HAL_Driver/Src/stm32f1xx_hal_tim_ex.o
 .debug_rnglists
                0x00000000000005d6       0x2c ./Drivers/STM32F1xx_HAL_Driver/Src/stm32f1xx_hal_timebase_tim_template.o
 .debug_rnglists
                0x0000000000000602       0xd0 ./Src/VL53L0X.o
 .debug_rnglists
                0x00000000000006d2       0x14 ./Src/config_gpio.o
 .debug_rnglists
                0x00000000000006e6       0x40 ./Src/main.o
 .debug_rnglists
                0x0000000000000726       0x6e ./Src/miros.o
 .debug_rnglists
                0x0000000000000794       0x1a ./Src/pid.o
 .debug_rnglists
                0x00000000000007ae       0x82 ./Src/stm32.o
 .debug_rnglists
                0x0000000000000830       0x26 ./Src/stm32f1xx_hal_msp.o
 .debug_rnglists
                0x0000000000000856       0x6d ./Src/stm32f1xx_it.o
 .debug_rnglists
                0x00000000000008c3       0x1a ./Src/system_stm32f1xx.o
 .debug_rnglists
                0x00000000000008dd       0x19 ./Startup/startup_stm32f103c8tx.o

.debug_macro    0x0000000000000000     0x25e3
 .debug_macro   0x0000000000000000      0x1c2 ./Drivers/STM32F1xx_HAL_Driver/Src/stm32f1xx_hal.o
 .debug_macro   0x00000000000001c2      0x19e ./Drivers/STM32F1xx_HAL_Driver/Src/stm32f1xx_hal_cortex.o
 .debug_macro   0x0000000000000360      0x209 ./Drivers/STM32F1xx_HAL_Driver/Src/stm32f1xx_hal_gpio.o
 .debug_macro   0x0000000000000569      0x19f ./Drivers/STM32F1xx_HAL_Driver/Src/stm32f1xx_hal_tim.o
 .debug_macro   0x0000000000000708      0x19e ./Drivers/STM32F1xx_HAL_Driver/Src/stm32f1xx_hal_tim_ex.o
 .debug_macro   0x00000000000008a6      0x19e ./Drivers/STM32F1xx_HAL_Driver/Src/stm32f1xx_hal_timebase_tim_template.o
 .debug_macro   0x0000000000000a44       0x91 ./Src/VL53L0X.o
 .debug_macro   0x0000000000000ad5       0x22 ./Src/VL53L0X.o
 .debug_macro   0x0000000000000af7      0x21f ./Src/VL53L0X.o
 .debug_macro   0x0000000000000d16      0x279 ./Src/config_gpio.o
 .debug_macro   0x0000000000000f8f       0x24 ./Src/config_gpio.o
 .debug_macro   0x0000000000000fb3       0x61 ./Src/config_gpio.o
 .debug_macro   0x0000000000001014       0x43 ./Src/config_gpio.o
 .debug_macro   0x0000000000001057       0x34 ./Src/config_gpio.o
 .debug_macro   0x000000000000108b       0x16 ./Src/config_gpio.o
 .debug_macro   0x00000000000010a1      0x10e ./Src/config_gpio.o
 .debug_macro   0x00000000000011af       0x8d ./Src/config_gpio.o
 .debug_macro   0x000000000000123c       0x16 ./Src/config_gpio.o
 .debug_macro   0x0000000000001252       0x43 ./Src/config_gpio.o
 .debug_macro   0x0000000000001295       0x34 ./Src/config_gpio.o
 .debug_macro   0x00000000000012c9       0x10 ./Src/config_gpio.o
 .debug_macro   0x00000000000012d9       0x58 ./Src/config_gpio.o
 .debug_macro   0x0000000000001331       0x8e ./Src/config_gpio.o
 .debug_macro   0x00000000000013bf       0x1c ./Src/config_gpio.o
 .debug_macro   0x00000000000013db      0x177 ./Src/config_gpio.o
 .debug_macro   0x0000000000001552      0x369 ./Src/config_gpio.o
 .debug_macro   0x00000000000018bb       0x16 ./Src/config_gpio.o
 .debug_macro   0x00000000000018d1       0x29 ./Src/config_gpio.o
 .debug_macro   0x00000000000018fa       0x16 ./Src/config_gpio.o
 .debug_macro   0x0000000000001910       0x56 ./Src/config_gpio.o
 .debug_macro   0x0000000000001966      0x2a0 ./Src/main.o
 .debug_macro   0x0000000000001c06       0x1c ./Src/main.o
 .debug_macro   0x0000000000001c22      0x1d5 ./Src/miros.o
 .debug_macro   0x0000000000001df7       0x85 ./Src/miros.o
 .debug_macro   0x0000000000001e7c      0x1c1 ./Src/pid.o
 .debug_macro   0x000000000000203d       0x75 ./Src/stm32.o
 .debug_macro   0x00000000000020b2      0x19e ./Src/stm32f1xx_hal_msp.o
 .debug_macro   0x0000000000002250      0x286 ./Src/stm32f1xx_it.o
 .debug_macro   0x00000000000024d6       0x35 ./Src/stm32f1xx_it.o
 .debug_macro   0x000000000000250b       0x10 ./Src/stm32f1xx_it.o
 .debug_macro   0x000000000000251b       0xc8 ./Src/system_stm32f1xx.o

.debug_line     0x0000000000000000     0xd9d1
 .debug_line    0x0000000000000000      0xaf9 ./Drivers/STM32F1xx_HAL_Driver/Src/stm32f1xx_hal.o
 .debug_line    0x0000000000000af9      0xce7 ./Drivers/STM32F1xx_HAL_Driver/Src/stm32f1xx_hal_cortex.o
 .debug_line    0x00000000000017e0      0xb7f ./Drivers/STM32F1xx_HAL_Driver/Src/stm32f1xx_hal_gpio.o
 .debug_line    0x000000000000235f     0x35f7 ./Drivers/STM32F1xx_HAL_Driver/Src/stm32f1xx_hal_tim.o
 .debug_line    0x0000000000005956     0x1a58 ./Drivers/STM32F1xx_HAL_Driver/Src/stm32f1xx_hal_tim_ex.o
 .debug_line    0x00000000000073ae      0x919 ./Drivers/STM32F1xx_HAL_Driver/Src/stm32f1xx_hal_timebase_tim_template.o
 .debug_line    0x0000000000007cc7      0xc27 ./Src/VL53L0X.o
 .debug_line    0x00000000000088ee      0x9ad ./Src/config_gpio.o
 .debug_line    0x000000000000929b      0xbf9 ./Src/main.o
 .debug_line    0x0000000000009e94      0xed9 ./Src/miros.o
 .debug_line    0x000000000000ad6d      0x8d3 ./Src/pid.o
 .debug_line    0x000000000000b640      0x8cd ./Src/stm32.o
 .debug_line    0x000000000000bf0d      0x8a5 ./Src/stm32f1xx_hal_msp.o
 .debug_line    0x000000000000c7b2      0xbbb ./Src/stm32f1xx_it.o
 .debug_line    0x000000000000d36d      0x5e9 ./Src/system_stm32f1xx.o
 .debug_line    0x000000000000d956       0x7b ./Startup/startup_stm32f103c8tx.o

.debug_str      0x0000000000000000    0x8ad32
 .debug_str     0x0000000000000000    0x83639 ./Drivers/STM32F1xx_HAL_Driver/Src/stm32f1xx_hal.o
                                      0x83ac7 (size before relaxing)
 .debug_str     0x0000000000083639      0x2c7 ./Drivers/STM32F1xx_HAL_Driver/Src/stm32f1xx_hal_cortex.o
                                      0x83a14 (size before relaxing)
 .debug_str     0x0000000000083900      0x3a9 ./Drivers/STM32F1xx_HAL_Driver/Src/stm32f1xx_hal_gpio.o
                                      0x8371a (size before relaxing)
 .debug_str     0x0000000000083ca9     0x12e0 ./Drivers/STM32F1xx_HAL_Driver/Src/stm32f1xx_hal_tim.o
                                      0x847c5 (size before relaxing)
 .debug_str     0x0000000000084f89      0x503 ./Drivers/STM32F1xx_HAL_Driver/Src/stm32f1xx_hal_tim_ex.o
                                      0x83fd1 (size before relaxing)
 .debug_str     0x000000000008548c      0x126 ./Drivers/STM32F1xx_HAL_Driver/Src/stm32f1xx_hal_timebase_tim_template.o
                                      0x83cd3 (size before relaxing)
 .debug_str     0x00000000000855b2     0x1795 ./Src/VL53L0X.o
                                       0x54e8 (size before relaxing)
 .debug_str     0x0000000000086d47     0x321f ./Src/config_gpio.o
                                      0x86897 (size before relaxing)
 .debug_str     0x0000000000089f66      0x3b7 ./Src/main.o
                                      0x870cc (size before relaxing)
 .debug_str     0x000000000008a31d      0x5e8 ./Src/miros.o
                                      0x83ab7 (size before relaxing)
 .debug_str     0x000000000008a905       0x56 ./Src/pid.o
                                      0x83749 (size before relaxing)
 .debug_str     0x000000000008a95b      0x246 ./Src/stm32.o
                                       0x487f (size before relaxing)
 .debug_str     0x000000000008aba1       0x25 ./Src/stm32f1xx_hal_msp.o
                                      0x838c2 (size before relaxing)
 .debug_str     0x000000000008abc6       0xea ./Src/stm32f1xx_it.o
                                      0x86a82 (size before relaxing)
 .debug_str     0x000000000008acb0       0x53 ./Src/system_stm32f1xx.o
                                      0x54790 (size before relaxing)
 .debug_str     0x000000000008ad03       0x2f ./Startup/startup_stm32f103c8tx.o
                                         0x7b (size before relaxing)

.debug_frame    0x0000000000000000     0x319c
 .debug_frame   0x0000000000000000      0x334 ./Drivers/STM32F1xx_HAL_Driver/Src/stm32f1xx_hal.o
 .debug_frame   0x0000000000000334      0x428 ./Drivers/STM32F1xx_HAL_Driver/Src/stm32f1xx_hal_cortex.o
 .debug_frame   0x000000000000075c      0x124 ./Drivers/STM32F1xx_HAL_Driver/Src/stm32f1xx_hal_gpio.o
 .debug_frame   0x0000000000000880     0x11b8 ./Drivers/STM32F1xx_HAL_Driver/Src/stm32f1xx_hal_tim.o
 .debug_frame   0x0000000000001a38      0x638 ./Drivers/STM32F1xx_HAL_Driver/Src/stm32f1xx_hal_tim_ex.o
 .debug_frame   0x0000000000002070       0xb4 ./Drivers/STM32F1xx_HAL_Driver/Src/stm32f1xx_hal_timebase_tim_template.o
 .debug_frame   0x0000000000002124      0x490 ./Src/VL53L0X.o
 .debug_frame   0x00000000000025b4       0x34 ./Src/config_gpio.o
 .debug_frame   0x00000000000025e8      0x110 ./Src/main.o
 .debug_frame   0x00000000000026f8      0x208 ./Src/miros.o
 .debug_frame   0x0000000000002900       0x5c ./Src/pid.o
 .debug_frame   0x000000000000295c      0x2f0 ./Src/stm32.o
 .debug_frame   0x0000000000002c4c       0xac ./Src/stm32f1xx_hal_msp.o
 .debug_frame   0x0000000000002cf8      0x1e0 ./Src/stm32f1xx_it.o
 .debug_frame   0x0000000000002ed8       0x58 ./Src/system_stm32f1xx.o
 .debug_frame   0x0000000000002f30       0x2c C:/ST/STM32CubeIDE_1.14.0/STM32CubeIDE/plugins/com.st.stm32cube.ide.mcu.externaltools.gnu-tools-for-stm32.11.3.rel1.win32_1.1.100.202309141235/tools/bin/../lib/gcc/arm-none-eabi/11.3.1/../../../../arm-none-eabi/lib/thumb/v7-m/nofp\libc_nano.a(libc_a-init.o)
 .debug_frame   0x0000000000002f5c       0xac C:/ST/STM32CubeIDE_1.14.0/STM32CubeIDE/plugins/com.st.stm32cube.ide.mcu.externaltools.gnu-tools-for-stm32.11.3.rel1.win32_1.1.100.202309141235/tools/bin/../lib/gcc/arm-none-eabi/11.3.1/thumb/v7-m/nofp\libgcc.a(_arm_addsubdf3.o)
 .debug_frame   0x0000000000003008       0x24 C:/ST/STM32CubeIDE_1.14.0/STM32CubeIDE/plugins/com.st.stm32cube.ide.mcu.externaltools.gnu-tools-for-stm32.11.3.rel1.win32_1.1.100.202309141235/tools/bin/../lib/gcc/arm-none-eabi/11.3.1/thumb/v7-m/nofp\libgcc.a(_arm_truncdfsf2.o)
 .debug_frame   0x000000000000302c       0x4c C:/ST/STM32CubeIDE_1.14.0/STM32CubeIDE/plugins/com.st.stm32cube.ide.mcu.externaltools.gnu-tools-for-stm32.11.3.rel1.win32_1.1.100.202309141235/tools/bin/../lib/gcc/arm-none-eabi/11.3.1/thumb/v7-m/nofp\libgcc.a(_arm_addsubsf3.o)
 .debug_frame   0x0000000000003078       0x38 C:/ST/STM32CubeIDE_1.14.0/STM32CubeIDE/plugins/com.st.stm32cube.ide.mcu.externaltools.gnu-tools-for-stm32.11.3.rel1.win32_1.1.100.202309141235/tools/bin/../lib/gcc/arm-none-eabi/11.3.1/thumb/v7-m/nofp\libgcc.a(_arm_muldivsf3.o)
 .debug_frame   0x00000000000030b0       0xc8 C:/ST/STM32CubeIDE_1.14.0/STM32CubeIDE/plugins/com.st.stm32cube.ide.mcu.externaltools.gnu-tools-for-stm32.11.3.rel1.win32_1.1.100.202309141235/tools/bin/../lib/gcc/arm-none-eabi/11.3.1/thumb/v7-m/nofp\libgcc.a(_arm_cmpsf2.o)
 .debug_frame   0x0000000000003178       0x24 C:/ST/STM32CubeIDE_1.14.0/STM32CubeIDE/plugins/com.st.stm32cube.ide.mcu.externaltools.gnu-tools-for-stm32.11.3.rel1.win32_1.1.100.202309141235/tools/bin/../lib/gcc/arm-none-eabi/11.3.1/thumb/v7-m/nofp\libgcc.a(_arm_fixsfsi.o)

.debug_line_str
                0x0000000000000000       0x6f
 .debug_line_str
                0x0000000000000000       0x6f ./Startup/startup_stm32f103c8tx.o
                                         0x87 (size before relaxing)
